 win32_main

 Timestamp is 5e5d514a (Mon Mar  2 11:32:42 2020)

 Preferred load address is 00400000

 Start         Length     Name                   Class
 0001:00000000 00002350H .text$di                CODE
 0001:00002350 0003abe0H .text$mn                CODE
 0001:0003cf30 000018f0H .text$x                 CODE
 0001:0003e820 0000107fH .text$yd                CODE
 0002:00000000 00000104H .CRT$XCA                DATA
 0002:00000104 00000104H .CRT$XCAA               DATA
 0002:00000208 00000114H .CRT$XCU                DATA
 0002:0000031c 00000104H .CRT$XCZ                DATA
 0002:00000420 00000104H .CRT$XIA                DATA
 0002:00000524 00000104H .CRT$XIAA               DATA
 0002:00000628 00000104H .CRT$XIAC               DATA
 0002:0000072c 00000104H .CRT$XIZ                DATA
 0002:00000830 00000104H .CRT$XPA                DATA
 0002:00000934 00000104H .CRT$XPZ                DATA
 0002:00000a38 00000104H .CRT$XTA                DATA
 0002:00000b3c 00000104H .CRT$XTZ                DATA
 0002:00000c40 00027738H .rdata                  DATA
 0002:00028378 00000278H .rdata$r                DATA
 0002:000285f0 000001c4H .rdata$sxdata           DATA
 0002:000287b4 0000017cH .rdata$zzzdbg           DATA
 0002:00028930 00000104H .rtc$IAA                DATA
 0002:00028a34 00000104H .rtc$IZZ                DATA
 0002:00028b38 00000104H .rtc$TAA                DATA
 0002:00028c3c 00000104H .rtc$TZZ                DATA
 0002:00028d40 00000bb6H .xdata$x                DATA
 0002:000298f6 00000000H .edata                  DATA
 0003:00000000 00002f98H .data                   DATA
 0003:00002f98 00000198H .data$r                 DATA
 0003:00003130 000030b4H .bss                    DATA
 0004:00000000 00000684H .idata$5                DATA
 0004:00000684 00000118H .idata$2                DATA
 0004:0000079c 00000014H .idata$3                DATA
 0004:000007b0 00000684H .idata$4                DATA
 0004:00000e34 00001774H .idata$6                DATA
 0005:00000000 00000175H .gfids$y                DATA
 0006:00000000 00000104H .00cfg                  DATA

  Address         Publics by Value              Rva+Base       Lib:Object

 0000:00000000       ___guard_iat_table         00000000     <absolute>
 0000:00000000       ___guard_longjmp_count     00000000     <absolute>
 0000:00000000       ___guard_fids_count        00000000     <absolute>
 0000:00000000       ___dynamic_value_reloc_table 00000000     <absolute>
 0000:00000000       ___guard_iat_count         00000000     <absolute>
 0000:00000000       ___guard_fids_table        00000000     <absolute>
 0000:00000000       ___guard_longjmp_table     00000000     <absolute>
 0000:00000029       ___safe_se_handler_count   00000029     <absolute>
 0000:00000100       ___guard_flags             00000100     <absolute>
 0000:00000000       ___ImageBase               00400000     <linker-defined>
 0001:00002350       ?debug_printMsg@@YAXV?$basic_string@DU?$char_traits@D@std@@V?$allocator@D@2@@std@@@Z 00403350 f   win32_main.obj
 0001:000023c0       ?debug_printFloat@@YAXM@Z  004033c0 f   win32_main.obj
 0001:00002410       ?Homogenize@@YA?AUMat3@@UMat2@@@Z 00403410 f   win32_main.obj
 0001:000024a0       _stbi_load_from_memory     004034a0 f   win32_main.obj
 0001:00002500       _stbi_load_from_callbacks  00403500 f   win32_main.obj
 0001:00002560       _stbi_load                 00403560 f   win32_main.obj
 0001:000025e0       _stbi_load_from_file       004035e0 f   win32_main.obj
 0001:00002660       _stbi_load_gif_from_memory 00403660 f   win32_main.obj
 0001:00002700       _stbi_load_16_from_memory  00403700 f   win32_main.obj
 0001:00002760       _stbi_load_16_from_callbacks 00403760 f   win32_main.obj
 0001:000027c0       _stbi_load_16              004037c0 f   win32_main.obj
 0001:00002840       _stbi_load_from_file_16    00403840 f   win32_main.obj
 0001:000028c0       _stbi_loadf_from_memory    004038c0 f   win32_main.obj
 0001:00002920       _stbi_loadf_from_callbacks 00403920 f   win32_main.obj
 0001:00002980       _stbi_loadf                00403980 f   win32_main.obj
 0001:00002a00       _stbi_loadf_from_file      00403a00 f   win32_main.obj
 0001:00002a60       _stbi_hdr_to_ldr_gamma     00403a60 f   win32_main.obj
 0001:00002a80       _stbi_hdr_to_ldr_scale     00403a80 f   win32_main.obj
 0001:00002aa0       _stbi_ldr_to_hdr_gamma     00403aa0 f   win32_main.obj
 0001:00002ac0       _stbi_ldr_to_hdr_scale     00403ac0 f   win32_main.obj
 0001:00002ae0       _stbi_is_hdr_from_callbacks 00403ae0 f   win32_main.obj
 0001:00002b30       _stbi_is_hdr_from_memory   00403b30 f   win32_main.obj
 0001:00002b80       _stbi_is_hdr               00403b80 f   win32_main.obj
 0001:00002bd0       _stbi_is_hdr_from_file     00403bd0 f   win32_main.obj
 0001:00002c50       _stbi_failure_reason       00403c50 f   win32_main.obj
 0001:00002c60       _stbi_image_free           00403c60 f   win32_main.obj
 0001:00002c80       _stbi_info_from_memory     00403c80 f   win32_main.obj
 0001:00002ce0       _stbi_info_from_callbacks  00403ce0 f   win32_main.obj
 0001:00002d40       _stbi_is_16_bit_from_memory 00403d40 f   win32_main.obj
 0001:00002d90       _stbi_is_16_bit_from_callbacks 00403d90 f   win32_main.obj
 0001:00002de0       _stbi_info                 00403de0 f   win32_main.obj
 0001:00002e40       _stbi_info_from_file       00403e40 f   win32_main.obj
 0001:00002ed0       _stbi_is_16_bit            00403ed0 f   win32_main.obj
 0001:00002f30       _stbi_is_16_bit_from_file  00403f30 f   win32_main.obj
 0001:00002fb0       _stbi_set_unpremultiply_on_load 00403fb0 f   win32_main.obj
 0001:00002fc0       _stbi_convert_iphone_png_to_rgb 00403fc0 f   win32_main.obj
 0001:00002fd0       _stbi_set_flip_vertically_on_load 00403fd0 f   win32_main.obj
 0001:00002fe0       _stbi_zlib_decode_malloc_guesssize 00403fe0 f   win32_main.obj
 0001:00003090       _stbi_zlib_decode_malloc_guesssize_headerflag 00404090 f   win32_main.obj
 0001:00003140       _stbi_zlib_decode_malloc   00404140 f   win32_main.obj
 0001:00003160       _stbi_zlib_decode_buffer   00404160 f   win32_main.obj
 0001:000031d0       _stbi_zlib_decode_noheader_malloc 004041d0 f   win32_main.obj
 0001:00003280       _stbi_zlib_decode_noheader_buffer 00404280 f   win32_main.obj
 0001:00017860       ?buildAndLinkShaders@@YAIV?$basic_string@DU?$char_traits@D@std@@V?$allocator@D@2@@std@@0@Z 00418860 f   win32_main.obj
 0001:00017ae0       ?window_framebufferSizeCallback@@YAXPAUGLFWwindow@@HH@Z 00418ae0 f   win32_main.obj
 0001:00017b00       ?key_callback@@YAXPAUGLFWwindow@@HHHH@Z 00418b00 f   win32_main.obj
 0001:00017b90       _main                      00418b90 f   win32_main.obj
 0001:0001e3d0       ??$?0$$V@?$_Compressed_pair@U?$_Wrap_alloc@V?$allocator@D@std@@@std@@V?$_String_val@U?$_Simple_types@D@std@@@2@$00@std@@QAE@U_Zero_then_variadic_args_t@1@@Z 0041f3d0 f i win32_main.obj
 0001:0001e400       ??$?0$$V@?$_Compressed_pair@U?$_Wrap_alloc@V?$allocator@D@std@@@std@@V?$_Vector_val@U?$_Simple_types@D@std@@@2@$00@std@@QAE@U_Zero_then_variadic_args_t@1@@Z 0041f400 f i win32_main.obj
 0001:0001e430       ??$?0$$V@?$_Compressed_pair@U?$_Wrap_alloc@V?$allocator@USpriteString@@@std@@@std@@V?$_Vector_val@U?$_Simple_types@USpriteString@@@std@@@2@$00@std@@QAE@U_Zero_then_variadic_args_t@1@@Z 0041f430 f i win32_main.obj
 0001:0001e460       ??$?0ABV?$allocator@D@std@@$$V@?$_Compressed_pair@U?$_Wrap_alloc@V?$allocator@D@std@@@std@@V?$_String_val@U?$_Simple_types@D@std@@@2@$00@std@@QAE@U_One_then_variadic_args_t@1@ABV?$allocator@D@1@@Z 0041f460 f i win32_main.obj
 0001:0001e4a0       ??$?0ABV?$allocator@D@std@@@?$_Wrap_alloc@V?$allocator@D@std@@@std@@QAE@ABV?$allocator@D@1@@Z 0041f4a0 f i win32_main.obj
 0001:0001e4d0       ??$?0ABV?$allocator@D@std@@X@?$_String_alloc@U?$_String_base_types@DV?$allocator@D@std@@@std@@@std@@QAE@ABV?$allocator@D@1@@Z 0041f4d0 f i win32_main.obj
 0001:0001e510       ??$?0U?$_Wrap_alloc@V?$allocator@D@std@@@std@@$$V@?$_Compressed_pair@U?$_Wrap_alloc@V?$allocator@D@std@@@std@@V?$_String_val@U?$_Simple_types@D@std@@@2@$00@std@@QAE@U_One_then_variadic_args_t@1@$$QAU?$_Wrap_alloc@V?$allocator@D@std@@@1@@Z 0041f510 f i win32_main.obj
 0001:0001e550       ??$?0U?$_Wrap_alloc@V?$allocator@D@std@@@std@@X@?$_String_alloc@U?$_String_base_types@DV?$allocator@D@std@@@std@@@std@@QAE@$$QAU?$_Wrap_alloc@V?$allocator@D@std@@@1@@Z 0041f550 f i win32_main.obj
 0001:0001e590       ??$?0U?$integral_constant@_N$00@std@@@_Any_tag@std@@QAE@$$QAU?$integral_constant@_N$00@1@@Z 0041f590 f i win32_main.obj
 0001:0001e5b0       ??$?0V?$_Vector_iterator@V?$_Vector_val@U?$_Simple_types@D@std@@@std@@@std@@X@?$basic_string@DU?$char_traits@D@std@@V?$allocator@D@2@@std@@QAE@V?$_Vector_iterator@V?$_Vector_val@U?$_Simple_types@D@std@@@std@@@1@0ABV?$allocator@D@1@@Z 0041f5b0 f i win32_main.obj
 0001:0001e670       ??$?0V?$allocator@D@std@@@?$_Wrap_alloc@V?$allocator@D@std@@@std@@QAE@$$QAV?$allocator@D@1@@Z 0041f670 f i win32_main.obj
 0001:0001e6a0       ??$?6DU?$char_traits@D@std@@V?$allocator@D@1@@std@@YAAAV?$basic_ostream@DU?$char_traits@D@std@@@0@AAV10@ABV?$basic_string@DU?$char_traits@D@std@@V?$allocator@D@2@@0@@Z 0041f6a0 f i win32_main.obj
 0001:0001ea30       ??$?6U?$char_traits@D@std@@@std@@YAAAV?$basic_ostream@DU?$char_traits@D@std@@@0@AAV10@D@Z 0041fa30 f i win32_main.obj
 0001:0001edd0       ??$?8DD@std@@YA_NABV?$allocator@D@0@0@Z 0041fdd0 f i win32_main.obj
 0001:0001ede0       ??$?8V?$allocator@D@std@@V01@@std@@YA_NABU?$_Wrap_alloc@V?$allocator@D@std@@@0@0@Z 0041fde0 f i win32_main.obj
 0001:0001ee00       ??$?9V?$allocator@D@std@@V01@@std@@YA_NABU?$_Wrap_alloc@V?$allocator@D@std@@@0@0@Z 0041fe00 f i win32_main.obj
 0001:0001ee40       ??$_Destroy_range1@V?$allocator@D@std@@PAD@std@@YAXPAD0AAU?$_Wrap_alloc@V?$allocator@D@std@@@0@U?$integral_constant@_N$00@0@@Z 0041fe40 f i win32_main.obj
 0001:0001ee50       ??$_Destroy_range1@V?$allocator@USpriteString@@@std@@PAUSpriteString@@@std@@YAXPAUSpriteString@@0AAU?$_Wrap_alloc@V?$allocator@USpriteString@@@std@@@0@U?$integral_constant@_N$0A@@0@@Z 0041fe50 f i win32_main.obj
 0001:0001ee90       ??$_Destroy_range@V?$allocator@D@std@@PAD@std@@YAXPAD0AAU?$_Wrap_alloc@V?$allocator@D@std@@@0@@Z 0041fe90 f i win32_main.obj
 0001:0001eec0       ??$_Destroy_range@V?$allocator@USpriteString@@@std@@PAUSpriteString@@@std@@YAXPAUSpriteString@@0AAU?$_Wrap_alloc@V?$allocator@USpriteString@@@std@@@0@@Z 0041fec0 f i win32_main.obj
 0001:0001eef0       ??$_Floating_to_string@M@std@@YA?AV?$basic_string@DU?$char_traits@D@std@@V?$allocator@D@2@@0@PBDM@Z 0041fef0 f i win32_main.obj
 0001:0001f000       ??$_Pocca@U?$_Wrap_alloc@V?$allocator@D@std@@@std@@@std@@YAXAAU?$_Wrap_alloc@V?$allocator@D@std@@@0@ABU10@@Z 00420000 f i win32_main.obj
 0001:0001f030       ??$_Pocca@U?$_Wrap_alloc@V?$allocator@D@std@@@std@@@std@@YAXAAU?$_Wrap_alloc@V?$allocator@D@std@@@0@ABU10@U?$integral_constant@_N$0A@@0@@Z 00420030 f i win32_main.obj
 0001:0001f040       ??$_Pocma@U?$_Wrap_alloc@V?$allocator@D@std@@@std@@@std@@YAXAAU?$_Wrap_alloc@V?$allocator@D@std@@@0@0@Z 00420040 f i win32_main.obj
 0001:0001f070       ??$_Pocma@U?$_Wrap_alloc@V?$allocator@D@std@@@std@@@std@@YAXAAU?$_Wrap_alloc@V?$allocator@D@std@@@0@0U?$integral_constant@_N$00@0@@Z 00420070 f i win32_main.obj
 0001:0001f0d0       ??$_Ptr_move_cat@USpriteString@@U1@@std@@YA?AU_General_ptr_iterator_tag@0@ABQAUSpriteString@@0@Z 004200d0 f i win32_main.obj
 0001:0001f0f0       ??$_Rechecked@PAUSpriteString@@PAU1@@std@@YAAAPAUSpriteString@@AAPAU1@PAU1@@Z 004200f0 f i win32_main.obj
 0001:0001f110       ??$_Umove@PAUSpriteString@@@?$vector@USpriteString@@V?$allocator@USpriteString@@@std@@@std@@IAEPAUSpriteString@@PAU2@00@Z 00420110 f i win32_main.obj
 0001:0001f150       ??$_Unchecked@PAUSpriteString@@@std@@YAPAUSpriteString@@PAU1@@Z 00420150 f i win32_main.obj
 0001:0001f160       ??$_Unchecked@V?$_Vector_val@U?$_Simple_types@D@std@@@std@@@std@@YAPADV?$_Vector_iterator@V?$_Vector_val@U?$_Simple_types@D@std@@@std@@@0@@Z 00420160 f i win32_main.obj
 0001:0001f170       ??$_Unfancy@D@std@@YAPADPAD@Z 00420170 f i win32_main.obj
 0001:0001f180       ??$_Unfancy@USpriteString@@@std@@YAPAUSpriteString@@PAU1@@Z 00420180 f i win32_main.obj
 0001:0001f190       ??$_Uninitialized_default_fill_n1@PADIV?$allocator@D@std@@@std@@YAXPADIAAU?$_Wrap_alloc@V?$allocator@D@std@@@0@U?$integral_constant@_N$00@0@@Z 00420190 f i win32_main.obj
 0001:0001f1b0       ??$_Uninitialized_default_fill_n@PADIV?$allocator@D@std@@@std@@YAXPADIAAU?$_Wrap_alloc@V?$allocator@D@std@@@0@@Z 004201b0 f i win32_main.obj
 0001:0001f1e0       ??$_Uninitialized_move@PAUSpriteString@@PAU1@V?$allocator@USpriteString@@@std@@@std@@YAPAUSpriteString@@PAU1@00AAU?$_Wrap_alloc@V?$allocator@USpriteString@@@std@@@0@@Z 004201e0 f i win32_main.obj
 0001:0001f240       ??$_Uninitialized_move_al_unchecked1@PAUSpriteString@@PAU1@V?$allocator@USpriteString@@@std@@@std@@YAPAUSpriteString@@PAU1@00AAU?$_Wrap_alloc@V?$allocator@USpriteString@@@std@@@0@U_General_ptr_iterator_tag@0@U_Any_tag@0@@Z 00420240 f i win32_main.obj
 0001:0001f340       ??$_Uninitialized_move_al_unchecked@PAUSpriteString@@PAU1@V?$allocator@USpriteString@@@std@@@std@@YAPAUSpriteString@@PAU1@00AAU?$_Wrap_alloc@V?$allocator@USpriteString@@@std@@@0@@Z 00420340 f i win32_main.obj
 0001:0001f3a0       ??$__vcrt_va_start_verify_argument_type@QBD@@YAXXZ 004203a0 f i win32_main.obj
 0001:0001f3b0       ??$addressof@$$CBUSpriteString@@@std@@YAPBUSpriteString@@ABU1@@Z 004203b0 f i win32_main.obj
 0001:0001f3c0       ??$addressof@D@std@@YAPADAAD@Z 004203c0 f i win32_main.obj
 0001:0001f3d0       ??$addressof@PAD@std@@YAPAPADAAPAD@Z 004203d0 f i win32_main.obj
 0001:0001f3e0       ??$assign@V?$_String_iterator@V?$_String_val@U?$_Simple_types@D@std@@@std@@@std@@@?$basic_string@DU?$char_traits@D@std@@V?$allocator@D@2@@std@@QAEAAV01@V?$_String_iterator@V?$_String_val@U?$_Simple_types@D@std@@@std@@@1@0@Z 004203e0 f i win32_main.obj
 0001:0001f440       ??$construct@PADAAPAD@?$_Wrap_alloc@V?$allocator@D@std@@@std@@QAEXPAPADAAPAD@Z 00420440 f i win32_main.obj
 0001:0001f480       ??$construct@PADAAPAD@?$allocator@D@std@@QAEXPAPADAAPAD@Z 00420480 f i win32_main.obj
 0001:0001f4e0       ??$construct@PADAAPAD@?$allocator_traits@V?$allocator@D@std@@@std@@SAXAAV?$allocator@D@1@PAPADAAPAD@Z 004204e0 f i win32_main.obj
 0001:0001f510       ??$construct@USpriteString@@AAU1@@?$_Wrap_alloc@V?$allocator@USpriteString@@@std@@@std@@QAEXPAUSpriteString@@AAU2@@Z 00420510 f i win32_main.obj
 0001:0001f550       ??$construct@USpriteString@@AAU1@@?$allocator@USpriteString@@@std@@QAEXPAUSpriteString@@AAU2@@Z 00420550 f i win32_main.obj
 0001:0001f600       ??$construct@USpriteString@@AAU1@@?$allocator_traits@V?$allocator@USpriteString@@@std@@@std@@SAXAAV?$allocator@USpriteString@@@1@PAUSpriteString@@AAU3@@Z 00420600 f i win32_main.obj
 0001:0001f630       ??$construct@USpriteString@@ABU1@@?$_Wrap_alloc@V?$allocator@USpriteString@@@std@@@std@@QAEXPAUSpriteString@@ABU2@@Z 00420630 f i win32_main.obj
 0001:0001f670       ??$construct@USpriteString@@ABU1@@?$allocator@USpriteString@@@std@@QAEXPAUSpriteString@@ABU2@@Z 00420670 f i win32_main.obj
 0001:0001f720       ??$construct@USpriteString@@ABU1@@?$allocator_traits@V?$allocator@USpriteString@@@std@@@std@@SAXAAV?$allocator@USpriteString@@@1@PAUSpriteString@@ABU3@@Z 00420720 f i win32_main.obj
 0001:0001f750       ??$construct@USpriteString@@U1@@?$_Wrap_alloc@V?$allocator@USpriteString@@@std@@@std@@QAEXPAUSpriteString@@$$QAU2@@Z 00420750 f i win32_main.obj
 0001:0001f790       ??$construct@USpriteString@@U1@@?$allocator@USpriteString@@@std@@QAEXPAUSpriteString@@$$QAU2@@Z 00420790 f i win32_main.obj
 0001:0001f7f0       ??$construct@USpriteString@@U1@@?$allocator_traits@V?$allocator@USpriteString@@@std@@@std@@SAXAAV?$allocator@USpriteString@@@1@PAUSpriteString@@$$QAU3@@Z 004207f0 f i win32_main.obj
 0001:0001f820       ??$destroy@PAD@?$_Wrap_alloc@V?$allocator@D@std@@@std@@QAEXPAPAD@Z 00420820 f i win32_main.obj
 0001:0001f850       ??$destroy@PAD@?$allocator@D@std@@QAEXPAPAD@Z 00420850 f i win32_main.obj
 0001:0001f860       ??$destroy@PAD@?$allocator_traits@V?$allocator@D@std@@@std@@SAXAAV?$allocator@D@1@PAPAD@Z 00420860 f i win32_main.obj
 0001:0001f880       ??$destroy@USpriteString@@@?$_Wrap_alloc@V?$allocator@USpriteString@@@std@@@std@@QAEXPAUSpriteString@@@Z 00420880 f i win32_main.obj
 0001:0001f8b0       ??$destroy@USpriteString@@@?$allocator@USpriteString@@@std@@QAEXPAUSpriteString@@@Z 004208b0 f i win32_main.obj
 0001:0001f8d0       ??$destroy@USpriteString@@@?$allocator_traits@V?$allocator@USpriteString@@@std@@@std@@SAXAAV?$allocator@USpriteString@@@1@PAUSpriteString@@@Z 004208d0 f i win32_main.obj
 0001:0001f8f0       ??$endl@DU?$char_traits@D@std@@@std@@YAAAV?$basic_ostream@DU?$char_traits@D@std@@@0@AAV10@@Z 004208f0 f i win32_main.obj
 0001:0001f930       ??$forward@AAPAD@std@@YAAAPADAAPAD@Z 00420930 f i win32_main.obj
 0001:0001f940       ??$forward@AAUSpriteString@@@std@@YAAAUSpriteString@@AAU1@@Z 00420940 f i win32_main.obj
 0001:0001f950       ??$forward@ABUSpriteString@@@std@@YAABUSpriteString@@ABU1@@Z 00420950 f i win32_main.obj
 0001:0001f960       ??$forward@ABV?$allocator@D@std@@@std@@YAABV?$allocator@D@0@ABV10@@Z 00420960 f i win32_main.obj
 0001:0001f970       ??$forward@U?$_Wrap_alloc@V?$allocator@D@std@@@std@@@std@@YA$$QAU?$_Wrap_alloc@V?$allocator@D@std@@@0@AAU10@@Z 00420970 f i win32_main.obj
 0001:0001f980       ??$forward@USpriteString@@@std@@YA$$QAUSpriteString@@AAU1@@Z 00420980 f i win32_main.obj
 0001:0001f990       ??$forward@V?$allocator@D@std@@@std@@YA$$QAV?$allocator@D@0@AAV10@@Z 00420990 f i win32_main.obj
 0001:0001f9a0       ??$forward@V?$basic_string@DU?$char_traits@D@std@@V?$allocator@D@2@@std@@@std@@YA$$QAV?$basic_string@DU?$char_traits@D@std@@V?$allocator@D@2@@0@AAV10@@Z 004209a0 f i win32_main.obj
 0001:0001f9b0       ??$move@AAU?$_Wrap_alloc@V?$allocator@D@std@@@std@@@std@@YA$$QAU?$_Wrap_alloc@V?$allocator@D@std@@@0@AAU10@@Z 004209b0 f i win32_main.obj
 0001:0001f9c0       ??$move@AAUSpriteString@@@std@@YA$$QAUSpriteString@@AAU1@@Z 004209c0 f i win32_main.obj
 0001:0001f9d0       ??0?$_String_alloc@U?$_String_base_types@DV?$allocator@D@std@@@std@@@std@@QAE@XZ 004209d0 f i win32_main.obj
 0001:0001fa00       ??0?$_String_const_iterator@V?$_String_val@U?$_Simple_types@D@std@@@std@@@std@@QAE@PBDPBU_Container_base0@1@@Z 00420a00 f i win32_main.obj
 0001:0001fa30       ??0?$_String_iterator@V?$_String_val@U?$_Simple_types@D@std@@@std@@@std@@QAE@PADPBU_Container_base0@1@@Z 00420a30 f i win32_main.obj
 0001:0001fa60       ??0?$_String_val@U?$_Simple_types@D@std@@@std@@QAE@XZ 00420a60 f i win32_main.obj
 0001:0001faa0       ??0?$_Vector_alloc@U?$_Vec_base_types@DV?$allocator@D@std@@@std@@@std@@QAE@XZ 00420aa0 f i win32_main.obj
 0001:0001fad0       ??0?$_Vector_alloc@U?$_Vec_base_types@USpriteString@@V?$allocator@USpriteString@@@std@@@std@@@std@@QAE@XZ 00420ad0 f i win32_main.obj
 0001:0001fb00       ??0?$_Vector_const_iterator@V?$_Vector_val@U?$_Simple_types@D@std@@@std@@@std@@QAE@PADPBU_Container_base0@1@@Z 00420b00 f i win32_main.obj
 0001:0001fb30       ??0?$_Vector_const_iterator@V?$_Vector_val@U?$_Simple_types@USpriteString@@@std@@@std@@@std@@QAE@PAUSpriteString@@PBU_Container_base0@1@@Z 00420b30 f i win32_main.obj
 0001:0001fb60       ??0?$_Vector_iterator@V?$_Vector_val@U?$_Simple_types@D@std@@@std@@@std@@QAE@PADPBU_Container_base0@1@@Z 00420b60 f i win32_main.obj
 0001:0001fb90       ??0?$_Vector_iterator@V?$_Vector_val@U?$_Simple_types@USpriteString@@@std@@@std@@@std@@QAE@PAUSpriteString@@PBU_Container_base0@1@@Z 00420b90 f i win32_main.obj
 0001:0001fbc0       ??0?$_Vector_val@U?$_Simple_types@D@std@@@std@@QAE@XZ 00420bc0 f i win32_main.obj
 0001:0001fc00       ??0?$_Vector_val@U?$_Simple_types@USpriteString@@@std@@@std@@QAE@XZ 00420c00 f i win32_main.obj
 0001:0001fc40       ??0?$_Wrap_alloc@V?$allocator@D@std@@@std@@QAE@$$QAU01@@Z 00420c40 f i win32_main.obj
 0001:0001fc70       ??0?$_Wrap_alloc@V?$allocator@D@std@@@std@@QAE@XZ 00420c70 f i win32_main.obj
 0001:0001fc90       ??0?$_Wrap_alloc@V?$allocator@USpriteString@@@std@@@std@@QAE@XZ 00420c90 f i win32_main.obj
 0001:0001fcb0       ??0?$allocator@D@std@@QAE@ABV01@@Z 00420cb0 f i win32_main.obj
 0001:0001fcd0       ??0?$allocator@D@std@@QAE@XZ 00420cd0 f i win32_main.obj
 0001:0001fcf0       ??0?$allocator@USpriteString@@@std@@QAE@XZ 00420cf0 f i win32_main.obj
 0001:0001fd10       ??0?$basic_string@DU?$char_traits@D@std@@V?$allocator@D@2@@std@@QAE@$$QAV01@@Z 00420d10 f i win32_main.obj
 0001:0001fdb0       ??0?$basic_string@DU?$char_traits@D@std@@V?$allocator@D@2@@std@@QAE@ABV01@@Z 00420db0 f i win32_main.obj
 0001:0001fe60       ??0?$basic_string@DU?$char_traits@D@std@@V?$allocator@D@2@@std@@QAE@ID@Z 00420e60 f i win32_main.obj
 0001:0001fef0       ??0?$basic_string@DU?$char_traits@D@std@@V?$allocator@D@2@@std@@QAE@PBD@Z 00420ef0 f i win32_main.obj
 0001:0001ff80       ??0?$basic_string@DU?$char_traits@D@std@@V?$allocator@D@2@@std@@QAE@XZ 00420f80 f i win32_main.obj
 0001:0001ffe0       ??0?$vector@DV?$allocator@D@std@@@std@@QAE@I@Z 00420fe0 f i win32_main.obj
 0001:000200e0       ??0?$vector@USpriteString@@V?$allocator@USpriteString@@@std@@@std@@QAE@XZ 004210e0 f i win32_main.obj
 0001:00020130       ??0Sprite@@QAE@UVector2@@MMF@Z 00421130 f i win32_main.obj
 0001:00020240       ??0Sprite@@QAE@XZ          00421240 f i win32_main.obj
 0001:00020260       ??0SpriteBatch@@QAE@PAIPAUTexture@@@Z 00421260 f i win32_main.obj
 0001:00020520       ??0SpriteString@@QAE@$$QAU0@@Z 00421520 f i win32_main.obj
 0001:00020580       ??0SpriteString@@QAE@ABU0@@Z 00421580 f i win32_main.obj
 0001:000205e0       ??0SpriteString@@QAE@UVector2@@V?$basic_string@DU?$char_traits@D@std@@V?$allocator@D@2@@std@@MF@Z 004215e0 f i win32_main.obj
 0001:00020690       ??0SpriteStringBatch@@QAE@PAIPAUTexture@@MM@Z 00421690 f i win32_main.obj
 0001:00020880       ??0Texture@@QAE@PAD@Z      00421880 f i win32_main.obj
 0001:000209f0       ??0_Bxty@?$_String_val@U?$_Simple_types@D@std@@@std@@QAE@XZ 004219f0 f i win32_main.obj
 0001:00020a10       ??0_Sentry_base@?$basic_ostream@DU?$char_traits@D@std@@@std@@QAE@AAV12@@Z 00421a10 f i win32_main.obj
 0001:00020a90       ??0sentry@?$basic_ostream@DU?$char_traits@D@std@@@std@@QAE@AAV12@@Z 00421a90 f i win32_main.obj
 0001:00020b90       ??1?$_Compressed_pair@U?$_Wrap_alloc@V?$allocator@D@std@@@std@@V?$_String_val@U?$_Simple_types@D@std@@@2@$00@std@@QAE@XZ 00421b90 f i win32_main.obj
 0001:00020bb0       ??1?$_String_alloc@U?$_String_base_types@DV?$allocator@D@std@@@std@@@std@@QAE@XZ 00421bb0 f i win32_main.obj
 0001:00020bd0       ??1?$_String_val@U?$_Simple_types@D@std@@@std@@QAE@XZ 00421bd0 f i win32_main.obj
 0001:00020bf0       ??1?$basic_string@DU?$char_traits@D@std@@V?$allocator@D@2@@std@@QAE@XZ 00421bf0 f i win32_main.obj
 0001:00020c50       ??1?$vector@DV?$allocator@D@std@@@std@@QAE@XZ 00421c50 f i win32_main.obj
 0001:00020ca0       ??1?$vector@USpriteString@@V?$allocator@USpriteString@@@std@@@std@@QAE@XZ 00421ca0 f i win32_main.obj
 0001:00020cf0       ??1SpriteBatch@@QAE@XZ     00421cf0 f i win32_main.obj
 0001:00020d00       ??1SpriteString@@QAE@XZ    00421d00 f i win32_main.obj
 0001:00020d20       ??1SpriteStringBatch@@QAE@XZ 00421d20 f i win32_main.obj
 0001:00020d40       ??1Texture@@QAE@XZ         00421d40 f i win32_main.obj
 0001:00020d50       ??1_Bxty@?$_String_val@U?$_Simple_types@D@std@@@std@@QAE@XZ 00421d50 f i win32_main.obj
 0001:00020d60       ??1_Sentry_base@?$basic_ostream@DU?$char_traits@D@std@@@std@@QAE@XZ 00421d60 f i win32_main.obj
 0001:00020e00       ??1sentry@?$basic_ostream@DU?$char_traits@D@std@@@std@@QAE@XZ 00421e00 f i win32_main.obj
 0001:00020e70       ??2@YAPAXIPAX@Z            00421e70 f i win32_main.obj
 0001:00020e80       ??3@YAXPAX0@Z              00421e80 f i win32_main.obj
 0001:00020e90       ??4?$_Wrap_alloc@V?$allocator@D@std@@@std@@QAEAAU01@$$QAU01@@Z 00421e90 f i win32_main.obj
 0001:00020ec0       ??4?$basic_string@DU?$char_traits@D@std@@V?$allocator@D@2@@std@@QAEAAV01@$$QAV01@@Z 00421ec0 f i win32_main.obj
 0001:00020ff0       ??4?$basic_string@DU?$char_traits@D@std@@V?$allocator@D@2@@std@@QAEAAV01@ABV01@@Z 00421ff0 f i win32_main.obj
 0001:00021070       ??4SpriteString@@QAEAAU0@ABU0@@Z 00422070 f i win32_main.obj
 0001:000210d0       ??8?$_String_const_iterator@V?$_String_val@U?$_Simple_types@D@std@@@std@@@std@@QBE_NABV01@@Z 004220d0 f i win32_main.obj
 0001:00021120       ??A?$basic_string@DU?$char_traits@D@std@@V?$allocator@D@2@@std@@QAEAADI@Z 00422120 f i win32_main.obj
 0001:00021140       ??A?$vector@DV?$allocator@D@std@@@std@@QAEAADI@Z 00422140 f i win32_main.obj
 0001:00021160       ??A?$vector@USpriteString@@V?$allocator@USpriteString@@@std@@@std@@QAEAAUSpriteString@@I@Z 00422160 f i win32_main.obj
 0001:00021190       ??AMat3@@QAEAAMH@Z         00422190 f i win32_main.obj
 0001:000211b0       ??AVector2@@QAEAAMH@Z      004221b0 f i win32_main.obj
 0001:000211d0       ??Bsentry@?$basic_ostream@DU?$char_traits@D@std@@@std@@QBE_NXZ 004221d0 f i win32_main.obj
 0001:000211f0       ??D?$_String_const_iterator@V?$_String_val@U?$_Simple_types@D@std@@@std@@@std@@QBEABDXZ 004221f0 f i win32_main.obj
 0001:00021210       ??D?$_String_iterator@V?$_String_val@U?$_Simple_types@D@std@@@std@@@std@@QBEAADXZ 00422210 f i win32_main.obj
 0001:00021230       ??D?$_Vector_const_iterator@V?$_Vector_val@U?$_Simple_types@USpriteString@@@std@@@std@@@std@@QBEABUSpriteString@@XZ 00422230 f i win32_main.obj
 0001:00021250       ??D?$_Vector_iterator@V?$_Vector_val@U?$_Simple_types@USpriteString@@@std@@@std@@@std@@QBEAAUSpriteString@@XZ 00422250 f i win32_main.obj
 0001:00021270       ??D@YA?AUMat3@@U0@0@Z      00422270 f i win32_main.obj
 0001:000213b0       ??D@YA?AUVector2@@MU0@@Z   004223b0 f i win32_main.obj
 0001:000213f0       ??D@YA?AUVector2@@U0@M@Z   004223f0 f i win32_main.obj
 0001:00021430       ??G?$_String_const_iterator@V?$_String_val@U?$_Simple_types@D@std@@@std@@@std@@QBEHABV01@@Z 00422430 f i win32_main.obj
 0001:00021460       ??G?$_String_iterator@V?$_String_val@U?$_Simple_types@D@std@@@std@@@std@@QBEHABV?$_String_const_iterator@V?$_String_val@U?$_Simple_types@D@std@@@std@@@1@@Z 00422460 f i win32_main.obj
 0001:00021480       ??G?$_Vector_iterator@V?$_Vector_val@U?$_Simple_types@USpriteString@@@std@@@std@@@std@@QBE?AV01@H@Z 00422480 f i win32_main.obj
 0001:000214c0       ??G@YA?AUVector2@@U0@0@Z   004224c0 f i win32_main.obj
 0001:00021500       ??H@YA?AUVector2@@U0@0@Z   00422500 f i win32_main.obj
 0001:00021540       ??Y?$_Vector_const_iterator@V?$_Vector_val@U?$_Simple_types@USpriteString@@@std@@@std@@@std@@QAEAAV01@H@Z 00422540 f i win32_main.obj
 0001:00021570       ??Y?$_Vector_iterator@V?$_Vector_val@U?$_Simple_types@USpriteString@@@std@@@std@@@std@@QAEAAV01@H@Z 00422570 f i win32_main.obj
 0001:000215a0       ??Y@YAAAUVector2@@AAU0@U0@@Z 004225a0 f i win32_main.obj
 0001:000215f0       ??Z?$_Vector_iterator@V?$_Vector_val@U?$_Simple_types@USpriteString@@@std@@@std@@@std@@QAEAAV01@H@Z 004225f0 f i win32_main.obj
 0001:00021620       ??_GSpriteString@@QAEPAXI@Z 00422620 f i win32_main.obj
 0001:00021660       ??_H@YGXPAXIIP6EPAX0@Z@Z   00422660 f i win32_main.obj
 0001:000216a0       ?CreateSprite@SpriteBatch@@QAEPAUSprite@@UVector2@@MM@Z 004226a0 f i win32_main.obj
 0001:00021790       ?CreateSpriteString@SpriteStringBatch@@QAEPAUSpriteString@@UVector2@@V?$basic_string@DU?$char_traits@D@std@@V?$allocator@D@2@@std@@M@Z 00422790 f i win32_main.obj
 0001:00021910       ?Draw@SpriteBatch@@QAEXXZ  00422910 f i win32_main.obj
 0001:00021b60       ?Draw@SpriteStringBatch@@QAEXMM@Z 00422b60 f i win32_main.obj
 0001:00021e30       ?Identity@Mat3@@SA?AU1@XZ  00422e30 f i win32_main.obj
 0001:00021ee0       ?Length@SpriteString@@QAEHXZ 00422ee0 f i win32_main.obj
 0001:00021f00       ?Origin@Vector2@@SA?AU1@XZ 00422f00 f i win32_main.obj
 0001:00021f30       ?Position@Sprite@@QAE?AUVector2@@XZ 00422f30 f i win32_main.obj
 0001:00021f60       ?Translate@Sprite@@QAEXUVector2@@@Z 00422f60 f i win32_main.obj
 0001:00021f90       ?_Adopt@_Iterator_base0@std@@QAEXPBX@Z 00422f90 f i win32_main.obj
 0001:00021fa0       ?_Allocate@std@@YAPAXII_N@Z 00422fa0 f i win32_main.obj
 0001:00022090       ?_Assign_rv@?$basic_string@DU?$char_traits@D@std@@V?$allocator@D@2@@std@@QAEX$$QAV12@@Z 00423090 f i win32_main.obj
 0001:00022180       ?_Buy@?$vector@DV?$allocator@D@std@@@std@@IAE_NI@Z 00423180 f i win32_main.obj
 0001:00022260       ?_Bx@?$_String_alloc@U?$_String_base_types@DV?$allocator@D@std@@@std@@@std@@QAEAAT_Bxty@?$_String_val@U?$_Simple_types@D@std@@@2@XZ 00423260 f i win32_main.obj
 0001:00022280       ?_Chassign@?$basic_string@DU?$char_traits@D@std@@V?$allocator@D@2@@std@@QAEXIID@Z 00423280 f i win32_main.obj
 0001:000222e0       ?_Check_offset@?$basic_string@DU?$char_traits@D@std@@V?$allocator@D@2@@std@@QBEXI@Z 004232e0 f i win32_main.obj
 0001:00022310       ?_Clamp_suffix_size@?$basic_string@DU?$char_traits@D@std@@V?$allocator@D@2@@std@@QBEIII@Z 00423310 f i win32_main.obj
 0001:00022350       ?_Compat@?$_String_const_iterator@V?$_String_val@U?$_Simple_types@D@std@@@std@@@std@@QBEXABV12@@Z 00423350 f i win32_main.obj
 0001:00022360       ?_Construct@?$basic_string@DU?$char_traits@D@std@@V?$allocator@D@2@@std@@QAEXPAD0Urandom_access_iterator_tag@2@@Z 00423360 f i win32_main.obj
 0001:000223a0       ?_Copy@?$basic_string@DU?$char_traits@D@std@@V?$allocator@D@2@@std@@QAEXII@Z 004233a0 f i win32_main.obj
 0001:000225f0       ?_Copy_alloc@?$_String_alloc@U?$_String_base_types@DV?$allocator@D@std@@@std@@@std@@QAEXABU?$_Wrap_alloc@V?$allocator@D@std@@@2@@Z 004235f0 f i win32_main.obj
 0001:00022620       ?_Deallocate@std@@YAXPAXII@Z 00423620 f i win32_main.obj
 0001:000226e0       ?_Destroy@?$vector@DV?$allocator@D@std@@@std@@IAEXPAD0@Z 004236e0 f i win32_main.obj
 0001:00022710       ?_Destroy@?$vector@USpriteString@@V?$allocator@USpriteString@@@std@@@std@@IAEXPAUSpriteString@@0@Z 00423710 f i win32_main.obj
 0001:00022740       ?_Eos@?$basic_string@DU?$char_traits@D@std@@V?$allocator@D@2@@std@@QAEXI@Z 00423740 f i win32_main.obj
 0001:00022790       ?_Get_data@?$_String_alloc@U?$_String_base_types@DV?$allocator@D@std@@@std@@@std@@QAEAAV?$_String_val@U?$_Simple_types@D@std@@@2@XZ 00423790 f i win32_main.obj
 0001:000227b0       ?_Get_data@?$_String_alloc@U?$_String_base_types@DV?$allocator@D@std@@@std@@@std@@QBEABV?$_String_val@U?$_Simple_types@D@std@@@2@XZ 004237b0 f i win32_main.obj
 0001:000227d0       ?_Get_data@?$_Vector_alloc@U?$_Vec_base_types@DV?$allocator@D@std@@@std@@@std@@QAEAAV?$_Vector_val@U?$_Simple_types@D@std@@@2@XZ 004237d0 f i win32_main.obj
 0001:000227f0       ?_Get_data@?$_Vector_alloc@U?$_Vec_base_types@USpriteString@@V?$allocator@USpriteString@@@std@@@std@@@std@@QAEAAV?$_Vector_val@U?$_Simple_types@USpriteString@@@std@@@2@XZ 004237f0 f i win32_main.obj
 0001:00022810       ?_Get_data@?$_Vector_alloc@U?$_Vec_base_types@USpriteString@@V?$allocator@USpriteString@@@std@@@std@@@std@@QBEABV?$_Vector_val@U?$_Simple_types@USpriteString@@@std@@@2@XZ 00423810 f i win32_main.obj
 0001:00022830       ?_Get_first@?$_Compressed_pair@U?$_Wrap_alloc@V?$allocator@D@std@@@std@@V?$_String_val@U?$_Simple_types@D@std@@@2@$00@std@@QAEAAU?$_Wrap_alloc@V?$allocator@D@std@@@2@XZ 00423830 f i win32_main.obj
 0001:00022850       ?_Get_first@?$_Compressed_pair@U?$_Wrap_alloc@V?$allocator@D@std@@@std@@V?$_String_val@U?$_Simple_types@D@std@@@2@$00@std@@QBEABU?$_Wrap_alloc@V?$allocator@D@std@@@2@XZ 00423850 f i win32_main.obj
 0001:00022870       ?_Get_first@?$_Compressed_pair@U?$_Wrap_alloc@V?$allocator@D@std@@@std@@V?$_Vector_val@U?$_Simple_types@D@std@@@2@$00@std@@QAEAAU?$_Wrap_alloc@V?$allocator@D@std@@@2@XZ 00423870 f i win32_main.obj
 0001:00022890       ?_Get_first@?$_Compressed_pair@U?$_Wrap_alloc@V?$allocator@D@std@@@std@@V?$_Vector_val@U?$_Simple_types@D@std@@@2@$00@std@@QBEABU?$_Wrap_alloc@V?$allocator@D@std@@@2@XZ 00423890 f i win32_main.obj
 0001:000228b0       ?_Get_first@?$_Compressed_pair@U?$_Wrap_alloc@V?$allocator@USpriteString@@@std@@@std@@V?$_Vector_val@U?$_Simple_types@USpriteString@@@std@@@2@$00@std@@QAEAAU?$_Wrap_alloc@V?$allocator@USpriteString@@@std@@@2@XZ 004238b0 f i win32_main.obj
 0001:000228d0       ?_Get_first@?$_Compressed_pair@U?$_Wrap_alloc@V?$allocator@USpriteString@@@std@@@std@@V?$_Vector_val@U?$_Simple_types@USpriteString@@@std@@@2@$00@std@@QBEABU?$_Wrap_alloc@V?$allocator@USpriteString@@@std@@@2@XZ 004238d0 f i win32_main.obj
 0001:000228f0       ?_Get_second@?$_Compressed_pair@U?$_Wrap_alloc@V?$allocator@D@std@@@std@@V?$_String_val@U?$_Simple_types@D@std@@@2@$00@std@@QAEAAV?$_String_val@U?$_Simple_types@D@std@@@2@XZ 004238f0 f i win32_main.obj
 0001:00022910       ?_Get_second@?$_Compressed_pair@U?$_Wrap_alloc@V?$allocator@D@std@@@std@@V?$_String_val@U?$_Simple_types@D@std@@@2@$00@std@@QBEABV?$_String_val@U?$_Simple_types@D@std@@@2@XZ 00423910 f i win32_main.obj
 0001:00022930       ?_Get_second@?$_Compressed_pair@U?$_Wrap_alloc@V?$allocator@D@std@@@std@@V?$_Vector_val@U?$_Simple_types@D@std@@@2@$00@std@@QAEAAV?$_Vector_val@U?$_Simple_types@D@std@@@2@XZ 00423930 f i win32_main.obj
 0001:00022950       ?_Get_second@?$_Compressed_pair@U?$_Wrap_alloc@V?$allocator@USpriteString@@@std@@@std@@V?$_Vector_val@U?$_Simple_types@USpriteString@@@std@@@2@$00@std@@QAEAAV?$_Vector_val@U?$_Simple_types@USpriteString@@@std@@@2@XZ 00423950 f i win32_main.obj
 0001:00022970       ?_Get_second@?$_Compressed_pair@U?$_Wrap_alloc@V?$allocator@USpriteString@@@std@@@std@@V?$_Vector_val@U?$_Simple_types@USpriteString@@@std@@@2@$00@std@@QBEABV?$_Vector_val@U?$_Simple_types@USpriteString@@@std@@@2@XZ 00423970 f i win32_main.obj
 0001:00022990       ?_Getal@?$_String_alloc@U?$_String_base_types@DV?$allocator@D@std@@@std@@@std@@QAEAAU?$_Wrap_alloc@V?$allocator@D@std@@@2@XZ 00423990 f i win32_main.obj
 0001:000229b0       ?_Getal@?$_String_alloc@U?$_String_base_types@DV?$allocator@D@std@@@std@@@std@@QBEABU?$_Wrap_alloc@V?$allocator@D@std@@@2@XZ 004239b0 f i win32_main.obj
 0001:000229d0       ?_Getal@?$_Vector_alloc@U?$_Vec_base_types@DV?$allocator@D@std@@@std@@@std@@QAEAAU?$_Wrap_alloc@V?$allocator@D@std@@@2@XZ 004239d0 f i win32_main.obj
 0001:000229f0       ?_Getal@?$_Vector_alloc@U?$_Vec_base_types@DV?$allocator@D@std@@@std@@@std@@QBEABU?$_Wrap_alloc@V?$allocator@D@std@@@2@XZ 004239f0 f i win32_main.obj
 0001:00022a10       ?_Getal@?$_Vector_alloc@U?$_Vec_base_types@USpriteString@@V?$allocator@USpriteString@@@std@@@std@@@std@@QAEAAU?$_Wrap_alloc@V?$allocator@USpriteString@@@std@@@2@XZ 00423a10 f i win32_main.obj
 0001:00022a30       ?_Getal@?$_Vector_alloc@U?$_Vec_base_types@USpriteString@@V?$allocator@USpriteString@@@std@@@std@@@std@@QBEABU?$_Wrap_alloc@V?$allocator@USpriteString@@@std@@@2@XZ 00423a30 f i win32_main.obj
 0001:00022a50       ?_Grow@?$basic_string@DU?$char_traits@D@std@@V?$allocator@D@2@@std@@QAE_NI_N@Z 00423a50 f i win32_main.obj
 0001:00022b40       ?_Grow_to@?$vector@USpriteString@@V?$allocator@USpriteString@@@std@@@std@@IBEII@Z 00423b40 f i win32_main.obj
 0001:00022bb0       ?_Inside@?$basic_string@DU?$char_traits@D@std@@V?$allocator@D@2@@std@@QAE_NPBD@Z 00423bb0 f i win32_main.obj
 0001:00022c10       ?_Inside@?$vector@USpriteString@@V?$allocator@USpriteString@@@std@@@std@@IBE_NPBUSpriteString@@@Z 00423c10 f i win32_main.obj
 0001:00022c80       ?_Move_alloc@?$_String_alloc@U?$_String_base_types@DV?$allocator@D@std@@@std@@@std@@QAEXAAU?$_Wrap_alloc@V?$allocator@D@std@@@2@@Z 00423c80 f i win32_main.obj
 0001:00022cb0       ?_Myend@?$_Vector_alloc@U?$_Vec_base_types@DV?$allocator@D@std@@@std@@@std@@QAEAAPADXZ 00423cb0 f i win32_main.obj
 0001:00022cd0       ?_Myend@?$_Vector_alloc@U?$_Vec_base_types@USpriteString@@V?$allocator@USpriteString@@@std@@@std@@@std@@QAEAAPAUSpriteString@@XZ 00423cd0 f i win32_main.obj
 0001:00022cf0       ?_Myend@?$_Vector_alloc@U?$_Vec_base_types@USpriteString@@V?$allocator@USpriteString@@@std@@@std@@@std@@QBEABQAUSpriteString@@XZ 00423cf0 f i win32_main.obj
 0001:00022d10       ?_Myfirst@?$_Vector_alloc@U?$_Vec_base_types@DV?$allocator@D@std@@@std@@@std@@QAEAAPADXZ 00423d10 f i win32_main.obj
 0001:00022d30       ?_Myfirst@?$_Vector_alloc@U?$_Vec_base_types@USpriteString@@V?$allocator@USpriteString@@@std@@@std@@@std@@QAEAAPAUSpriteString@@XZ 00423d30 f i win32_main.obj
 0001:00022d50       ?_Myfirst@?$_Vector_alloc@U?$_Vec_base_types@USpriteString@@V?$allocator@USpriteString@@@std@@@std@@@std@@QBEABQAUSpriteString@@XZ 00423d50 f i win32_main.obj
 0001:00022d70       ?_Mylast@?$_Vector_alloc@U?$_Vec_base_types@DV?$allocator@D@std@@@std@@@std@@QAEAAPADXZ 00423d70 f i win32_main.obj
 0001:00022d90       ?_Mylast@?$_Vector_alloc@U?$_Vec_base_types@USpriteString@@V?$allocator@USpriteString@@@std@@@std@@@std@@QAEAAPAUSpriteString@@XZ 00423d90 f i win32_main.obj
 0001:00022db0       ?_Mylast@?$_Vector_alloc@U?$_Vec_base_types@USpriteString@@V?$allocator@USpriteString@@@std@@@std@@@std@@QBEABQAUSpriteString@@XZ 00423db0 f i win32_main.obj
 0001:00022dd0       ?_Myptr@?$_String_alloc@U?$_String_base_types@DV?$allocator@D@std@@@std@@@std@@QAEPADXZ 00423dd0 f i win32_main.obj
 0001:00022df0       ?_Myptr@?$_String_alloc@U?$_String_base_types@DV?$allocator@D@std@@@std@@@std@@QBEPBDXZ 00423df0 f i win32_main.obj
 0001:00022e10       ?_Myptr@?$_String_val@U?$_Simple_types@D@std@@@std@@QAEPADXZ 00423e10 f i win32_main.obj
 0001:00022e50       ?_Myptr@?$_String_val@U?$_Simple_types@D@std@@@std@@QBEPBDXZ 00423e50 f i win32_main.obj
 0001:00022e90       ?_Myres@?$_String_alloc@U?$_String_base_types@DV?$allocator@D@std@@@std@@@std@@QAEAAIXZ 00423e90 f i win32_main.obj
 0001:00022eb0       ?_Mysize@?$_String_alloc@U?$_String_base_types@DV?$allocator@D@std@@@std@@@std@@QAEAAIXZ 00423eb0 f i win32_main.obj
 0001:00022ed0       ?_Mysize@?$_String_alloc@U?$_String_base_types@DV?$allocator@D@std@@@std@@@std@@QBEABIXZ 00423ed0 f i win32_main.obj
 0001:00022ef0       ?_Orphan_all@?$_Vector_alloc@U?$_Vec_base_types@DV?$allocator@D@std@@@std@@@std@@QAEXXZ 00423ef0 f i win32_main.obj
 0001:00022f10       ?_Orphan_all@?$_Vector_alloc@U?$_Vec_base_types@USpriteString@@V?$allocator@USpriteString@@@std@@@std@@@std@@QAEXXZ 00423f10 f i win32_main.obj
 0001:00022f30       ?_Orphan_all@_Container_base0@std@@QAEXXZ 00423f30 f i win32_main.obj
 0001:00022f40       ?_Orphan_range@?$vector@USpriteString@@V?$allocator@USpriteString@@@std@@@std@@IBEXPAUSpriteString@@0@Z 00423f40 f i win32_main.obj
 0001:00022f50       ?_Reallocate@?$vector@USpriteString@@V?$allocator@USpriteString@@@std@@@std@@IAEXI@Z 00423f50 f i win32_main.obj
 0001:00023110       ?_Reserve@?$vector@USpriteString@@V?$allocator@USpriteString@@@std@@@std@@IAEXI@Z 00424110 f i win32_main.obj
 0001:00023180       ?_Tidy@?$basic_string@DU?$char_traits@D@std@@V?$allocator@D@2@@std@@QAEX_NI@Z 00424180 f i win32_main.obj
 0001:00023270       ?_Tidy@?$vector@DV?$allocator@D@std@@@std@@IAEXXZ 00424270 f i win32_main.obj
 0001:00023340       ?_Tidy@?$vector@USpriteString@@V?$allocator@USpriteString@@@std@@@std@@IAEXXZ 00424340 f i win32_main.obj
 0001:00023420       ?_Unchecked@?$_Vector_iterator@V?$_Vector_val@U?$_Simple_types@D@std@@@std@@@std@@QBEPADXZ 00424420 f i win32_main.obj
 0001:00023440       ?_Unused_capacity@?$vector@USpriteString@@V?$allocator@USpriteString@@@std@@@std@@QBEIXZ 00424440 f i win32_main.obj
 0001:00023480       ?_Xlen@?$basic_string@DU?$char_traits@D@std@@V?$allocator@D@2@@std@@QBEXXZ 00424480 f i win32_main.obj
 0001:000234a0       ?_Xlen@?$vector@DV?$allocator@D@std@@@std@@IBEXXZ 004244a0 f i win32_main.obj
 0001:000234c0       ?_Xlen@?$vector@USpriteString@@V?$allocator@USpriteString@@@std@@@std@@IBEXXZ 004244c0 f i win32_main.obj
 0001:000234e0       ?_Xran@?$basic_string@DU?$char_traits@D@std@@V?$allocator@D@2@@std@@QBEXXZ 004244e0 f i win32_main.obj
 0001:00023500       ?address@?$_Wrap_alloc@V?$allocator@D@std@@@std@@QBEPADAAD@Z 00424500 f i win32_main.obj
 0001:00023520       ?allocate@?$_Wrap_alloc@V?$allocator@D@std@@@std@@QAEPADI@Z 00424520 f i win32_main.obj
 0001:00023540       ?allocate@?$_Wrap_alloc@V?$allocator@USpriteString@@@std@@@std@@QAEPAUSpriteString@@I@Z 00424540 f i win32_main.obj
 0001:00023560       ?allocate@?$allocator@D@std@@QAEPADI@Z 00424560 f i win32_main.obj
 0001:00023590       ?allocate@?$allocator@USpriteString@@@std@@QAEPAUSpriteString@@I@Z 00424590 f i win32_main.obj
 0001:000235c0       ?append@?$basic_string@DU?$char_traits@D@std@@V?$allocator@D@2@@std@@QAEAAV12@ID@Z 004245c0 f i win32_main.obj
 0001:00023670       ?assign@?$basic_string@DU?$char_traits@D@std@@V?$allocator@D@2@@std@@QAEAAV12@ABV12@@Z 00424670 f i win32_main.obj
 0001:000236a0       ?assign@?$basic_string@DU?$char_traits@D@std@@V?$allocator@D@2@@std@@QAEAAV12@ABV12@II@Z 004246a0 f i win32_main.obj
 0001:00023760       ?assign@?$basic_string@DU?$char_traits@D@std@@V?$allocator@D@2@@std@@QAEAAV12@ID@Z 00424760 f i win32_main.obj
 0001:000237d0       ?assign@?$basic_string@DU?$char_traits@D@std@@V?$allocator@D@2@@std@@QAEAAV12@PBD@Z 004247d0 f i win32_main.obj
 0001:00023800       ?assign@?$basic_string@DU?$char_traits@D@std@@V?$allocator@D@2@@std@@QAEAAV12@PBDI@Z 00424800 f i win32_main.obj
 0001:000238a0       ?assign@?$char_traits@D@std@@SAPADPADID@Z 004248a0 f i win32_main.obj
 0001:000238c0       ?assign@?$char_traits@D@std@@SAXAADABD@Z 004248c0 f i win32_main.obj
 0001:000238e0       ?back@?$vector@USpriteString@@V?$allocator@USpriteString@@@std@@@std@@QAEAAUSpriteString@@XZ 004248e0 f i win32_main.obj
 0001:00023920       ?begin@?$basic_string@DU?$char_traits@D@std@@V?$allocator@D@2@@std@@QAE?AV?$_String_iterator@V?$_String_val@U?$_Simple_types@D@std@@@std@@@2@XZ 00424920 f i win32_main.obj
 0001:000239b0       ?begin@?$vector@DV?$allocator@D@std@@@std@@QAE?AV?$_Vector_iterator@V?$_Vector_val@U?$_Simple_types@D@std@@@std@@@2@XZ 004249b0 f i win32_main.obj
 0001:00023a20       ?c_str@?$basic_string@DU?$char_traits@D@std@@V?$allocator@D@2@@std@@QBEPBDXZ 00424a20 f i win32_main.obj
 0001:00023a70       ?capacity@?$vector@USpriteString@@V?$allocator@USpriteString@@@std@@@std@@QBEIXZ 00424a70 f i win32_main.obj
 0001:00023ab0       ?clamp@@YA?AUVector2@@U1@@Z 00424ab0 f i win32_main.obj
 0001:00023b00       ?clamp@@YAMM@Z             00424b00 f i win32_main.obj
 0001:00023b50       ?copy@?$char_traits@D@std@@SAPADPADPBDI@Z 00424b50 f i win32_main.obj
 0001:00023b90       ?deallocate@?$_Wrap_alloc@V?$allocator@D@std@@@std@@QAEXPADI@Z 00424b90 f i win32_main.obj
 0001:00023bc0       ?deallocate@?$_Wrap_alloc@V?$allocator@USpriteString@@@std@@@std@@QAEXPAUSpriteString@@I@Z 00424bc0 f i win32_main.obj
 0001:00023bf0       ?deallocate@?$allocator@D@std@@QAEXPADI@Z 00424bf0 f i win32_main.obj
 0001:00023c20       ?deallocate@?$allocator@USpriteString@@@std@@QAEXPAUSpriteString@@I@Z 00424c20 f i win32_main.obj
 0001:00023c50       ?end@?$basic_string@DU?$char_traits@D@std@@V?$allocator@D@2@@std@@QAE?AV?$_String_iterator@V?$_String_val@U?$_Simple_types@D@std@@@std@@@2@XZ 00424c50 f i win32_main.obj
 0001:00023ce0       ?end@?$vector@DV?$allocator@D@std@@@std@@QAE?AV?$_Vector_iterator@V?$_Vector_val@U?$_Simple_types@D@std@@@std@@@2@XZ 00424ce0 f i win32_main.obj
 0001:00023d50       ?end@?$vector@USpriteString@@V?$allocator@USpriteString@@@std@@@std@@QAE?AV?$_Vector_iterator@V?$_Vector_val@U?$_Simple_types@USpriteString@@@std@@@std@@@2@XZ 00424d50 f i win32_main.obj
 0001:00023dc0       ?eof@?$char_traits@D@std@@SAHXZ 00424dc0 f i win32_main.obj
 0001:00023dd0       ?eq_int_type@?$char_traits@D@std@@SA_NABH0@Z 00424dd0 f i win32_main.obj
 0001:00023e00       ?erase@?$basic_string@DU?$char_traits@D@std@@V?$allocator@D@2@@std@@QAEAAV12@I@Z 00424e00 f i win32_main.obj
 0001:00023e40       ?erase@?$basic_string@DU?$char_traits@D@std@@V?$allocator@D@2@@std@@QAEAAV12@II@Z 00424e40 f i win32_main.obj
 0001:00023ef0       ?fabs@@YAMM@Z              00424ef0 f i win32_main.obj
 0001:00023f50       ?getTextureOffset@Sprite@@QAEPAMXZ 00424f50 f i win32_main.obj
 0001:00023f70       ?ldexp@@YAMMH@Z            00424f70 f i win32_main.obj
 0001:00023fd0       ?length@?$basic_string@DU?$char_traits@D@std@@V?$allocator@D@2@@std@@QBEIXZ 00424fd0 f i win32_main.obj
 0001:00023ff0       ?length@?$char_traits@D@std@@SAIPBD@Z 00424ff0 f i win32_main.obj
 0001:00024060       ?max_size@?$_Wrap_alloc@V?$allocator@D@std@@@std@@QBEIU_Nil@2@@Z 00425060 f i win32_main.obj
 0001:00024080       ?max_size@?$_Wrap_alloc@V?$allocator@USpriteString@@@std@@@std@@QBEIU_Nil@2@@Z 00425080 f i win32_main.obj
 0001:000240a0       ?max_size@?$allocator@D@std@@QBEIXZ 004250a0 f i win32_main.obj
 0001:000240c0       ?max_size@?$allocator@USpriteString@@@std@@QBEIXZ 004250c0 f i win32_main.obj
 0001:000240e0       ?max_size@?$allocator_traits@V?$allocator@D@std@@@std@@SAIABV?$allocator@D@2@@Z 004250e0 f i win32_main.obj
 0001:000240f0       ?max_size@?$allocator_traits@V?$allocator@USpriteString@@@std@@@std@@SAIABV?$allocator@USpriteString@@@2@@Z 004250f0 f i win32_main.obj
 0001:00024100       ?max_size@?$basic_string@DU?$char_traits@D@std@@V?$allocator@D@2@@std@@QBEIXZ 00425100 f i win32_main.obj
 0001:00024150       ?max_size@?$vector@DV?$allocator@D@std@@@std@@QBEIXZ 00425150 f i win32_main.obj
 0001:00024180       ?max_size@?$vector@USpriteString@@V?$allocator@USpriteString@@@std@@@std@@QBEIXZ 00425180 f i win32_main.obj
 0001:000241b0       ?move@?$char_traits@D@std@@SAPADPADPBDI@Z 004251b0 f i win32_main.obj
 0001:000241f0       ?pack@Sprite@@QAEPAMXZ     004251f0 f i win32_main.obj
 0001:00024650       ?parseOffset@SpriteStringBatch@@QAE?AUVector2@@D@Z 00425650 f i win32_main.obj
 0001:000246e0       ?pointer_to@?$pointer_traits@PAD@std@@SAPADAAD@Z 004256e0 f i win32_main.obj
 0001:00024700       ?pow@@YAMMM@Z              00425700 f i win32_main.obj
 0001:00024770       ?push_back@?$vector@USpriteString@@V?$allocator@USpriteString@@@std@@@std@@QAEXABUSpriteString@@@Z 00425770 f i win32_main.obj
 0001:00024940       ?replace@?$basic_string@DU?$char_traits@D@std@@V?$allocator@D@2@@std@@QAEAAV12@IIABV12@II@Z 00425940 f i win32_main.obj
 0001:00024ce0       ?replace@?$basic_string@DU?$char_traits@D@std@@V?$allocator@D@2@@std@@QAEAAV12@IIPBDI@Z 00425ce0 f i win32_main.obj
 0001:00024ea0       ?replace@?$basic_string@DU?$char_traits@D@std@@V?$allocator@D@2@@std@@QAEAAV12@V?$_String_const_iterator@V?$_String_val@U?$_Simple_types@D@std@@@std@@@2@0V?$_String_iterator@V?$_String_val@U?$_Simple_types@D@std@@@std@@@2@1@Z 00425ea0 f i win32_main.obj
 0001:00024f60       ?resize@?$basic_string@DU?$char_traits@D@std@@V?$allocator@D@2@@std@@QAEXI@Z 00425f60 f i win32_main.obj
 0001:00024f90       ?resize@?$basic_string@DU?$char_traits@D@std@@V?$allocator@D@2@@std@@QAEXID@Z 00425f90 f i win32_main.obj
 0001:00024ff0       ?select_on_container_copy_construction@?$_Wrap_alloc@V?$allocator@D@std@@@std@@QBE?AU12@U_Nil@2@@Z 00425ff0 f i win32_main.obj
 0001:00025030       ?select_on_container_copy_construction@?$allocator_traits@V?$allocator@D@std@@@std@@SA?AV?$allocator@D@2@ABV32@@Z 00426030 f i win32_main.obj
 0001:00025050       ?setSkew@Sprite@@QAEXMM@Z  00426050 f i win32_main.obj
 0001:00025080       ?size@?$basic_string@DU?$char_traits@D@std@@V?$allocator@D@2@@std@@QBEIXZ 00426080 f i win32_main.obj
 0001:000250a0       ?size@?$vector@USpriteString@@V?$allocator@USpriteString@@@std@@@std@@QBEIXZ 004260a0 f i win32_main.obj
 0001:000250e0       ?to_string@std@@YA?AV?$basic_string@DU?$char_traits@D@std@@V?$allocator@D@2@@1@M@Z 004260e0 f i win32_main.obj
 0001:00025130       ___local_stdio_printf_options 00426130 f i win32_main.obj
 0001:00025140       __scprintf                 00426140 f i win32_main.obj
 0001:00025190       __vscprintf_l              00426190 f i win32_main.obj
 0001:000251f0       __vsprintf_s_l             004261f0 f i win32_main.obj
 0001:00025260       _cosf                      00426260 f i win32_main.obj
 0001:00025290       _fabsf                     00426290 f i win32_main.obj
 0001:000252c0       _ldexpf                    004262c0 f i win32_main.obj
 0001:00025300       _powf                      00426300 f i win32_main.obj
 0001:00025330       _sinf                      00426330 f i win32_main.obj
 0001:00025360       _sprintf_s                 00426360 f i win32_main.obj
 0001:000253b0       _gladLoadGL                004263b0 f   glad.obj
 0001:000253e0       _gladLoadGLLoader          004263e0 f   glad.obj
 0001:00027b60       ___local_stdio_scanf_options 00428b60 f i glad.obj
 0001:00027b70       __vsscanf_s_l              00428b70 f i glad.obj
 0001:00027bb0       _sscanf_s                  00428bb0 f i glad.obj
 0001:00027bf0       _vsscanf_s                 00428bf0 f i glad.obj
 0001:00027c20       __glfwInputError           00428c20 f   glfw3:init.obj
 0001:00028020       __glfw_fmaxf               00429020 f   glfw3:init.obj
 0001:00028060       __glfw_fminf               00429060 f   glfw3:init.obj
 0001:000280a0       __glfw_strdup              004290a0 f   glfw3:init.obj
 0001:000280f0       _glfwGetError              004290f0 f   glfw3:init.obj
 0001:00028160       _glfwGetVersion            00429160 f   glfw3:init.obj
 0001:000281a0       _glfwGetVersionString      004291a0 f   glfw3:init.obj
 0001:000281b0       _glfwInit                  004291b0 f   glfw3:init.obj
 0001:000282e0       _glfwInitHint              004292e0 f   glfw3:init.obj
 0001:00028350       _glfwSetErrorCallback      00429350 f   glfw3:init.obj
 0001:00028370       _glfwTerminate             00429370 f   glfw3:init.obj
 0001:00028510       __glfwInputFramebufferSize 00429510 f   glfw3:window.obj
 0001:00028530       __glfwInputWindowCloseRequest 00429530 f   glfw3:window.obj
 0001:00028560       __glfwInputWindowContentScale 00429560 f   glfw3:window.obj
 0001:000285a0       __glfwInputWindowDamage    004295a0 f   glfw3:window.obj
 0001:000285c0       __glfwInputWindowFocus     004295c0 f   glfw3:window.obj
 0001:00028640       __glfwInputWindowIconify   00429640 f   glfw3:window.obj
 0001:00028660       __glfwInputWindowMaximize  00429660 f   glfw3:window.obj
 0001:00028680       __glfwInputWindowMonitor   00429680 f   glfw3:window.obj
 0001:000286a0       __glfwInputWindowPos       004296a0 f   glfw3:window.obj
 0001:000286c0       __glfwInputWindowSize      004296c0 f   glfw3:window.obj
 0001:000286e0       _glfwCreateWindow          004296e0 f   glfw3:window.obj
 0001:00028a00       _glfwDefaultWindowHints    00429a00 f   glfw3:window.obj
 0001:00028b00       _glfwDestroyWindow         00429b00 f   glfw3:window.obj
 0001:00028bb0       _glfwFocusWindow           00429bb0 f   glfw3:window.obj
 0001:00028be0       _glfwGetFramebufferSize    00429be0 f   glfw3:window.obj
 0001:00028c40       _glfwGetWindowAttrib       00429c40 f   glfw3:window.obj
 0001:00028e70       _glfwGetWindowContentScale 00429e70 f   glfw3:window.obj
 0001:00028ed0       _glfwGetWindowFrameSize    00429ed0 f   glfw3:window.obj
 0001:00028f50       _glfwGetWindowMonitor      00429f50 f   glfw3:window.obj
 0001:00028f80       _glfwGetWindowOpacity      00429f80 f   glfw3:window.obj
 0001:00028fb0       _glfwGetWindowPos          00429fb0 f   glfw3:window.obj
 0001:00029010       _glfwGetWindowSize         0042a010 f   glfw3:window.obj
 0001:00029070       _glfwGetWindowUserPointer  0042a070 f   glfw3:window.obj
 0001:000290a0       _glfwHideWindow            0042a0a0 f   glfw3:window.obj
 0001:000290e0       _glfwIconifyWindow         0042a0e0 f   glfw3:window.obj
 0001:00029110       _glfwMaximizeWindow        0042a110 f   glfw3:window.obj
 0001:00029150       _glfwPollEvents            0042a150 f   glfw3:window.obj
 0001:00029180       _glfwPostEmptyEvent        0042a180 f   glfw3:window.obj
 0001:000291b0       _glfwRequestWindowAttention 0042a1b0 f   glfw3:window.obj
 0001:000291e0       _glfwRestoreWindow         0042a1e0 f   glfw3:window.obj
 0001:00029210       _glfwSetFramebufferSizeCallback 0042a210 f   glfw3:window.obj
 0001:00029250       _glfwSetWindowAspectRatio  0042a250 f   glfw3:window.obj
 0001:000292e0       _glfwSetWindowAttrib       0042a2e0 f   glfw3:window.obj
 0001:000293e0       _glfwSetWindowCloseCallback 0042a3e0 f   glfw3:window.obj
 0001:00029420       _glfwSetWindowContentScaleCallback 0042a420 f   glfw3:window.obj
 0001:00029460       _glfwSetWindowFocusCallback 0042a460 f   glfw3:window.obj
 0001:000294a0       _glfwSetWindowIcon         0042a4a0 f   glfw3:window.obj
 0001:000294d0       _glfwSetWindowIconifyCallback 0042a4d0 f   glfw3:window.obj
 0001:00029510       _glfwSetWindowMaximizeCallback 0042a510 f   glfw3:window.obj
 0001:00029550       _glfwSetWindowMonitor      0042a550 f   glfw3:window.obj
 0001:00029600       _glfwSetWindowOpacity      0042a600 f   glfw3:window.obj
 0001:00029690       _glfwSetWindowPos          0042a690 f   glfw3:window.obj
 0001:000296d0       _glfwSetWindowPosCallback  0042a6d0 f   glfw3:window.obj
 0001:00029710       _glfwSetWindowRefreshCallback 0042a710 f   glfw3:window.obj
 0001:00029750       _glfwSetWindowShouldClose  0042a750 f   glfw3:window.obj
 0001:00029790       _glfwSetWindowSize         0042a790 f   glfw3:window.obj
 0001:000297e0       _glfwSetWindowSizeCallback 0042a7e0 f   glfw3:window.obj
 0001:00029820       _glfwSetWindowSizeLimits   0042a820 f   glfw3:window.obj
 0001:00029900       _glfwSetWindowTitle        0042a900 f   glfw3:window.obj
 0001:00029930       _glfwSetWindowUserPointer  0042a930 f   glfw3:window.obj
 0001:00029970       _glfwShowWindow            0042a970 f   glfw3:window.obj
 0001:000299d0       _glfwWaitEvents            0042a9d0 f   glfw3:window.obj
 0001:00029a00       _glfwWaitEventsTimeout     0042aa00 f   glfw3:window.obj
 0001:00029a90       _glfwWindowHint            0042aa90 f   glfw3:window.obj
 0001:00029ea0       _glfwWindowHintString      0042aea0 f   glfw3:window.obj
 0001:00029f60       _glfwWindowShouldClose     0042af60 f   glfw3:window.obj
 0001:00029f90       __glfwAllocJoystick        0042af90 f   glfw3:input.obj
 0001:0002a190       __glfwCenterCursorInContentArea 0042b190 f   glfw3:input.obj
 0001:0002a200       __glfwFreeJoystick         0042b200 f   glfw3:input.obj
 0001:0002a240       __glfwInputChar            0042b240 f   glfw3:input.obj
 0001:0002a2b0       __glfwInputCursorEnter     0042b2b0 f   glfw3:input.obj
 0001:0002a2d0       __glfwInputCursorPos       0042b2d0 f   glfw3:input.obj
 0001:0002a350       __glfwInputDrop            0042b350 f   glfw3:input.obj
 0001:0002a370       __glfwInputJoystick        0042b370 f   glfw3:input.obj
 0001:0002a3c0       __glfwInputJoystickAxis    0042b3c0 f   glfw3:input.obj
 0001:0002a3e0       __glfwInputJoystickButton  0042b3e0 f   glfw3:input.obj
 0001:0002a400       __glfwInputJoystickHat     0042b400 f   glfw3:input.obj
 0001:0002a480       __glfwInputKey             0042b480 f   glfw3:input.obj
 0001:0002a510       __glfwInputMouseClick      0042b510 f   glfw3:input.obj
 0001:0002a570       __glfwInputScroll          0042b570 f   glfw3:input.obj
 0001:0002a750       _glfwCreateCursor          0042b750 f   glfw3:input.obj
 0001:0002a7d0       _glfwCreateStandardCursor  0042b7d0 f   glfw3:input.obj
 0001:0002a8b0       _glfwDestroyCursor         0042b8b0 f   glfw3:input.obj
 0001:0002a980       _glfwGetClipboardString    0042b980 f   glfw3:input.obj
 0001:0002a9b0       _glfwGetCursorPos          0042b9b0 f   glfw3:input.obj
 0001:0002aa40       _glfwGetGamepadName        0042ba40 f   glfw3:input.obj
 0001:0002aad0       _glfwGetGamepadState       0042bad0 f   glfw3:input.obj
 0001:0002ade0       _glfwGetInputMode          0042bde0 f   glfw3:input.obj
 0001:0002ae90       _glfwGetJoystickAxes       0042be90 f   glfw3:input.obj
 0001:0002af30       _glfwGetJoystickButtons    0042bf30 f   glfw3:input.obj
 0001:0002afe0       _glfwGetJoystickGUID       0042bfe0 f   glfw3:input.obj
 0001:0002b060       _glfwGetJoystickHats       0042c060 f   glfw3:input.obj
 0001:0002b100       _glfwGetJoystickName       0042c100 f   glfw3:input.obj
 0001:0002b180       _glfwGetJoystickUserPointer 0042c180 f   glfw3:input.obj
 0001:0002b1c0       _glfwGetKey                0042c1c0 f   glfw3:input.obj
 0001:0002b240       _glfwGetKeyName            0042c240 f   glfw3:input.obj
 0001:0002b2d0       _glfwGetKeyScancode        0042c2d0 f   glfw3:input.obj
 0001:0002b330       _glfwGetMouseButton        0042c330 f   glfw3:input.obj
 0001:0002b3b0       _glfwGetTime               0042c3b0 f   glfw3:input.obj
 0001:0002b430       _glfwGetTimerFrequency     0042c430 f   glfw3:input.obj
 0001:0002b460       _glfwGetTimerValue         0042c460 f   glfw3:input.obj
 0001:0002b490       _glfwJoystickIsGamepad     0042c490 f   glfw3:input.obj
 0001:0002b520       _glfwJoystickPresent       0042c520 f   glfw3:input.obj
 0001:0002b590       _glfwRawMouseMotionSupported 0042c590 f   glfw3:input.obj
 0001:0002b5c0       _glfwSetCharCallback       0042c5c0 f   glfw3:input.obj
 0001:0002b600       _glfwSetCharModsCallback   0042c600 f   glfw3:input.obj
 0001:0002b640       _glfwSetClipboardString    0042c640 f   glfw3:input.obj
 0001:0002b680       _glfwSetCursor             0042c680 f   glfw3:input.obj
 0001:0002b6d0       _glfwSetCursorEnterCallback 0042c6d0 f   glfw3:input.obj
 0001:0002b710       _glfwSetCursorPos          0042c710 f   glfw3:input.obj
 0001:0002b830       _glfwSetCursorPosCallback  0042c830 f   glfw3:input.obj
 0001:0002b870       _glfwSetDropCallback       0042c870 f   glfw3:input.obj
 0001:0002b8b0       _glfwSetInputMode          0042c8b0 f   glfw3:input.obj
 0001:0002ba90       _glfwSetJoystickCallback   0042ca90 f   glfw3:input.obj
 0001:0002bad0       _glfwSetJoystickUserPointer 0042cad0 f   glfw3:input.obj
 0001:0002bb20       _glfwSetKeyCallback        0042cb20 f   glfw3:input.obj
 0001:0002bb60       _glfwSetMouseButtonCallback 0042cb60 f   glfw3:input.obj
 0001:0002bba0       _glfwSetScrollCallback     0042cba0 f   glfw3:input.obj
 0001:0002bbe0       _glfwSetTime               0042cbe0 f   glfw3:input.obj
 0001:0002bca0       _glfwUpdateGamepadMappings 0042cca0 f   glfw3:input.obj
 0001:0002c4a0       __glfwChooseFBConfig       0042d4a0 f   glfw3:context.obj
 0001:0002c700       __glfwIsValidContextConfig 0042d700 f   glfw3:context.obj
 0001:0002c990       __glfwRefreshContextAttribs 0042d990 f   glfw3:context.obj
 0001:0002d040       __glfwStringInExtensionString 0042e040 f   glfw3:context.obj
 0001:0002d0c0       _glfwExtensionSupported    0042e0c0 f   glfw3:context.obj
 0001:0002d2c0       _glfwGetCurrentContext     0042e2c0 f   glfw3:context.obj
 0001:0002d300       _glfwGetProcAddress        0042e300 f   glfw3:context.obj
 0001:0002d370       _glfwMakeContextCurrent    0042e370 f   glfw3:context.obj
 0001:0002d420       _glfwSwapBuffers           0042e420 f   glfw3:context.obj
 0001:0002d480       _glfwSwapInterval          0042e480 f   glfw3:context.obj
 0001:0002d4e0       _sscanf                    0042e4e0 f i glfw3:context.obj
 0001:0002d510       __glfwCreateUTF8FromWideStringWin32 0042e510 f   glfw3:win32_init.obj
 0001:0002d5c0       __glfwCreateWideStringFromUTF8Win32 0042e5c0 f   glfw3:win32_init.obj
 0001:0002d670       __glfwInputErrorWin32      0042e670 f   glfw3:win32_init.obj
 0001:0002d760       __glfwIsWindows10BuildOrGreaterWin32 0042e760 f   glfw3:win32_init.obj
 0001:0002d820       __glfwIsWindowsVersionOrGreaterWin32 0042e820 f   glfw3:win32_init.obj
 0001:0002d900       __glfwPlatformGetVersionString 0042e900 f   glfw3:win32_init.obj
 0001:0002d910       __glfwPlatformInit         0042e910 f   glfw3:win32_init.obj
 0001:0002dd90       __glfwPlatformTerminate    0042ed90 f   glfw3:win32_init.obj
 0001:0002de80       __glfwUpdateKeyNamesWin32  0042ee80 f   glfw3:win32_init.obj
 0001:0002e6b0       __glfwGetMonitorContentScaleWin32 0042f6b0 f   glfw3:win32_monitor.obj
 0001:0002e7a0       __glfwPlatformFreeMonitor  0042f7a0 f   glfw3:win32_monitor.obj
 0001:0002e7b0       __glfwPlatformGetGammaRamp 0042f7b0 f   glfw3:win32_monitor.obj
 0001:0002e870       __glfwPlatformGetMonitorContentScale 0042f870 f   glfw3:win32_monitor.obj
 0001:0002e960       __glfwPlatformGetMonitorPos 0042f960 f   glfw3:win32_monitor.obj
 0001:0002ea00       __glfwPlatformGetMonitorWorkarea 0042fa00 f   glfw3:win32_monitor.obj
 0001:0002eab0       __glfwPlatformGetVideoMode 0042fab0 f   glfw3:win32_monitor.obj
 0001:0002eb60       __glfwPlatformGetVideoModes 0042fb60 f   glfw3:win32_monitor.obj
 0001:0002ee40       __glfwPlatformSetGammaRamp 0042fe40 f   glfw3:win32_monitor.obj
 0001:0002ef20       __glfwPollMonitorsWin32    0042ff20 f   glfw3:win32_monitor.obj
 0001:0002f2f0       __glfwRestoreVideoModeWin32 004302f0 f   glfw3:win32_monitor.obj
 0001:0002f330       __glfwSetVideoModeWin32    00430330 f   glfw3:win32_monitor.obj
 0001:0002f7f0       _glfwGetWin32Adapter       004307f0 f   glfw3:win32_monitor.obj
 0001:0002f830       _glfwGetWin32Monitor       00430830 f   glfw3:win32_monitor.obj
 0001:0002f940       __glfwInitTimerWin32       00430940 f   glfw3:win32_time.obj
 0001:0002f9b0       __glfwPlatformGetTimerFrequency 004309b0 f   glfw3:win32_time.obj
 0001:0002f9c0       __glfwPlatformGetTimerValue 004309c0 f   glfw3:win32_time.obj
 0001:0002fa00       __glfwPlatformCreateMutex  00430a00 f   glfw3:win32_thread.obj
 0001:0002fa30       __glfwPlatformCreateTls    00430a30 f   glfw3:win32_thread.obj
 0001:0002fa80       __glfwPlatformDestroyMutex 00430a80 f   glfw3:win32_thread.obj
 0001:0002fac0       __glfwPlatformDestroyTls   00430ac0 f   glfw3:win32_thread.obj
 0001:0002faf0       __glfwPlatformGetTls       00430af0 f   glfw3:win32_thread.obj
 0001:0002fb10       __glfwPlatformLockMutex    00430b10 f   glfw3:win32_thread.obj
 0001:0002fb30       __glfwPlatformSetTls       00430b30 f   glfw3:win32_thread.obj
 0001:0002fb50       __glfwPlatformUnlockMutex  00430b50 f   glfw3:win32_thread.obj
 0001:0002fb70       __glfwAllocGammaArrays     00430b70 f   glfw3:monitor.obj
 0001:0002fbc0       __glfwAllocMonitor         00430bc0 f   glfw3:monitor.obj
 0001:0002fc10       __glfwChooseVideoMode      00430c10 f   glfw3:monitor.obj
 0001:0002fd80       __glfwCompareVideoModes    00430d80 f   glfw3:monitor.obj
 0001:0002fd90       __glfwFreeGammaArrays      00430d90 f   glfw3:monitor.obj
 0001:0002fdd0       __glfwFreeMonitor          00430dd0 f   glfw3:monitor.obj
 0001:0002fe40       __glfwInputMonitor         00430e40 f   glfw3:monitor.obj
 0001:00030030       __glfwInputMonitorWindow   00431030 f   glfw3:monitor.obj
 0001:00030050       __glfwSplitBPP             00431050 f   glfw3:monitor.obj
 0001:00030130       _glfwGetGammaRamp          00431130 f   glfw3:monitor.obj
 0001:000301a0       _glfwGetMonitorContentScale 004311a0 f   glfw3:monitor.obj
 0001:00030200       _glfwGetMonitorName        00431200 f   glfw3:monitor.obj
 0001:00030230       _glfwGetMonitorPhysicalSize 00431230 f   glfw3:monitor.obj
 0001:000302a0       _glfwGetMonitorPos         004312a0 f   glfw3:monitor.obj
 0001:00030300       _glfwGetMonitorUserPointer 00431300 f   glfw3:monitor.obj
 0001:00030330       _glfwGetMonitorWorkarea    00431330 f   glfw3:monitor.obj
 0001:000303b0       _glfwGetMonitors           004313b0 f   glfw3:monitor.obj
 0001:00030400       _glfwGetPrimaryMonitor     00431400 f   glfw3:monitor.obj
 0001:00030440       _glfwGetVideoMode          00431440 f   glfw3:monitor.obj
 0001:00030490       _glfwGetVideoModes         00431490 f   glfw3:monitor.obj
 0001:000304f0       _glfwSetGamma              004314f0 f   glfw3:monitor.obj
 0001:00030790       _glfwSetGammaRamp          00431790 f   glfw3:monitor.obj
 0001:00030820       _glfwSetMonitorCallback    00431820 f   glfw3:monitor.obj
 0001:00030860       _glfwSetMonitorUserPointer 00431860 f   glfw3:monitor.obj
 0001:00030920       __glfwGetVulkanResultString 00431920 f   glfw3:vulkan.obj
 0001:00030ab0       __glfwInitVulkan           00431ab0 f   glfw3:vulkan.obj
 0001:00030d40       __glfwTerminateVulkan      00431d40 f   glfw3:vulkan.obj
 0001:00030d60       _glfwCreateWindowSurface   00431d60 f   glfw3:vulkan.obj
 0001:00030e30       _glfwGetInstanceProcAddress 00431e30 f   glfw3:vulkan.obj
 0001:00030ea0       _glfwGetPhysicalDevicePresentationSupport 00431ea0 f   glfw3:vulkan.obj
 0001:00030f10       _glfwGetRequiredInstanceExtensions 00431f10 f   glfw3:vulkan.obj
 0001:00030f80       _glfwVulkanSupported       00431f80 f   glfw3:vulkan.obj
 0001:00030fb0       __glfwPlatformCreateCursor 00431fb0 f   glfw3:win32_window.obj
 0001:00030fe0       __glfwPlatformCreateStandardCursor 00431fe0 f   glfw3:win32_window.obj
 0001:000310a0       __glfwPlatformCreateWindow 004320a0 f   glfw3:win32_window.obj
 0001:000311b0       __glfwPlatformCreateWindowSurface 004321b0 f   glfw3:win32_window.obj
 0001:00031270       __glfwPlatformDestroyCursor 00432270 f   glfw3:win32_window.obj
 0001:00031290       __glfwPlatformDestroyWindow 00432290 f   glfw3:win32_window.obj
 0001:00031340       __glfwPlatformFocusWindow  00432340 f   glfw3:win32_window.obj
 0001:00031380       __glfwPlatformFramebufferTransparent 00432380 f   glfw3:win32_window.obj
 0001:000313d0       __glfwPlatformGetClipboardString 004323d0 f   glfw3:win32_window.obj
 0001:000314b0       __glfwPlatformGetCursorPos 004324b0 f   glfw3:win32_window.obj
 0001:00031520       __glfwPlatformGetFramebufferSize 00432520 f   glfw3:win32_window.obj
 0001:00031580       __glfwPlatformGetKeyScancode 00432580 f   glfw3:win32_window.obj
 0001:000315a0       __glfwPlatformGetPhysicalDevicePresentationSupport 004325a0 f   glfw3:win32_window.obj
 0001:000315f0       __glfwPlatformGetRequiredInstanceExtensions 004325f0 f   glfw3:win32_window.obj
 0001:00031620       __glfwPlatformGetScancodeName 00432620 f   glfw3:win32_window.obj
 0001:00031640       __glfwPlatformGetWindowContentScale 00432640 f   glfw3:win32_window.obj
 0001:00031670       __glfwPlatformGetWindowFrameSize 00432670 f   glfw3:win32_window.obj
 0001:00031820       __glfwPlatformGetWindowOpacity 00432820 f   glfw3:win32_window.obj
 0001:000318a0       __glfwPlatformGetWindowPos 004328a0 f   glfw3:win32_window.obj
 0001:00031900       __glfwPlatformGetWindowSize 00432900 f   glfw3:win32_window.obj
 0001:00031960       __glfwPlatformHideWindow   00432960 f   glfw3:win32_window.obj
 0001:00031980       __glfwPlatformIconifyWindow 00432980 f   glfw3:win32_window.obj
 0001:000319a0       __glfwPlatformMaximizeWindow 004329a0 f   glfw3:win32_window.obj
 0001:000319c0       __glfwPlatformPollEvents   004329c0 f   glfw3:win32_window.obj
 0001:00031bb0       __glfwPlatformPostEmptyEvent 00432bb0 f   glfw3:win32_window.obj
 0001:00031bd0       __glfwPlatformRawMouseMotionSupported 00432bd0 f   glfw3:win32_window.obj
 0001:00031be0       __glfwPlatformRequestWindowAttention 00432be0 f   glfw3:win32_window.obj
 0001:00031c00       __glfwPlatformRestoreWindow 00432c00 f   glfw3:win32_window.obj
 0001:00031c20       __glfwPlatformSetClipboardString 00432c20 f   glfw3:win32_window.obj
 0001:00031d10       __glfwPlatformSetCursor    00432d10 f   glfw3:win32_window.obj
 0001:00031d80       __glfwPlatformSetCursorMode 00432d80 f   glfw3:win32_window.obj
 0001:00031df0       __glfwPlatformSetCursorPos 00432df0 f   glfw3:win32_window.obj
 0001:00031e40       __glfwPlatformSetRawMouseMotion 00432e40 f   glfw3:win32_window.obj
 0001:00031ec0       __glfwPlatformSetWindowAspectRatio 00432ec0 f   glfw3:win32_window.obj
 0001:00031f50       __glfwPlatformSetWindowDecorated 00432f50 f   glfw3:win32_window.obj
 0001:00031f70       __glfwPlatformSetWindowFloating 00432f70 f   glfw3:win32_window.obj
 0001:00031fb0       __glfwPlatformSetWindowIcon 00432fb0 f   glfw3:win32_window.obj
 0001:000320f0       __glfwPlatformSetWindowMonitor 004330f0 f   glfw3:win32_window.obj
 0001:000324b0       __glfwPlatformSetWindowOpacity 004334b0 f   glfw3:win32_window.obj
 0001:00032550       __glfwPlatformSetWindowPos 00433550 f   glfw3:win32_window.obj
 0001:000326a0       __glfwPlatformSetWindowResizable 004336a0 f   glfw3:win32_window.obj
 0001:000326c0       __glfwPlatformSetWindowSize 004336c0 f   glfw3:win32_window.obj
 0001:00032860       __glfwPlatformSetWindowSizeLimits 00433860 f   glfw3:win32_window.obj
 0001:000328f0       __glfwPlatformSetWindowTitle 004338f0 f   glfw3:win32_window.obj
 0001:00032930       __glfwPlatformShowWindow   00433930 f   glfw3:win32_window.obj
 0001:00032950       __glfwPlatformWaitEvents   00433950 f   glfw3:win32_window.obj
 0001:00032960       __glfwPlatformWaitEventsTimeout 00433960 f   glfw3:win32_window.obj
 0001:000329a0       __glfwPlatformWindowFocused 004339a0 f   glfw3:win32_window.obj
 0001:000329d0       __glfwPlatformWindowHovered 004339d0 f   glfw3:win32_window.obj
 0001:000329e0       __glfwPlatformWindowIconified 004339e0 f   glfw3:win32_window.obj
 0001:00032a00       __glfwPlatformWindowMaximized 00433a00 f   glfw3:win32_window.obj
 0001:00032a20       __glfwPlatformWindowVisible 00433a20 f   glfw3:win32_window.obj
 0001:00032a40       __glfwRegisterWindowClassWin32 00433a40 f   glfw3:win32_window.obj
 0001:00032b40       __glfwUnregisterWindowClassWin32 00433b40 f   glfw3:win32_window.obj
 0001:00033bf0       _glfwGetWin32Window        00434bf0 f   glfw3:win32_window.obj
 0001:00035390       __glfwDetectJoystickConnectionWin32 00436390 f   glfw3:win32_joystick.obj
 0001:000355c0       __glfwDetectJoystickDisconnectionWin32 004365c0 f   glfw3:win32_joystick.obj
 0001:000356f0       __glfwInitJoysticksWin32   004366f0 f   glfw3:win32_joystick.obj
 0001:00035750       __glfwPlatformPollJoystick 00436750 f   glfw3:win32_joystick.obj
 0001:00035bb0       __glfwPlatformUpdateGamepadGUID 00436bb0 f   glfw3:win32_joystick.obj
 0001:00035c50       __glfwTerminateJoysticksWin32 00436c50 f   glfw3:win32_joystick.obj
 0001:000366c0       _sprintf                   004376c0 f i glfw3:win32_joystick.obj
 0001:00036700       __glfwCreateContextWGL     00437700 f   glfw3:wgl_context.obj
 0001:00036c90       __glfwInitWGL              00437c90 f   glfw3:wgl_context.obj
 0001:00037080       __glfwTerminateWGL         00438080 f   glfw3:wgl_context.obj
 0001:00037bd0       _glfwGetWGLContext         00438bd0 f   glfw3:wgl_context.obj
 0001:00037dd0       __glfwCreateContextEGL     00438dd0 f   glfw3:egl_context.obj
 0001:00038410       __glfwInitEGL              00439410 f   glfw3:egl_context.obj
 0001:000388c0       __glfwTerminateEGL         004398c0 f   glfw3:egl_context.obj
 0001:00038e40       _glfwGetEGLContext         00439e40 f   glfw3:egl_context.obj
 0001:00038ea0       _glfwGetEGLDisplay         00439ea0 f   glfw3:egl_context.obj
 0001:00038ed0       _glfwGetEGLSurface         00439ed0 f   glfw3:egl_context.obj
 0001:00039060       __glfwCreateContextOSMesa  0043a060 f   glfw3:osmesa_context.obj
 0001:00039340       __glfwInitOSMesa           0043a340 f   glfw3:osmesa_context.obj
 0001:00039530       __glfwTerminateOSMesa      0043a530 f   glfw3:osmesa_context.obj
 0001:000395f0       _glfwGetOSMesaColorBuffer  0043a5f0 f   glfw3:osmesa_context.obj
 0001:000396b0       _glfwGetOSMesaContext      0043a6b0 f   glfw3:osmesa_context.obj
 0001:00039710       _glfwGetOSMesaDepthBuffer  0043a710 f   glfw3:osmesa_context.obj
 0001:000398d2       _DragQueryFileW@16         0043a8d2 f   shell32:SHELL32.dll
 0001:000398d8       _DragQueryPoint@8          0043a8d8 f   shell32:SHELL32.dll
 0001:000398de       _DragFinish@4              0043a8de f   shell32:SHELL32.dll
 0001:000398e4       _DragAcceptFiles@8         0043a8e4 f   shell32:SHELL32.dll
 0001:000398ea       _TranslateMessage@4        0043a8ea f   user32:USER32.dll
 0001:000398f0       _DispatchMessageW@4        0043a8f0 f   user32:USER32.dll
 0001:000398f6       _PeekMessageW@20           0043a8f6 f   user32:USER32.dll
 0001:000398fc       _RegisterDeviceNotificationW@12 0043a8fc f   user32:USER32.dll
 0001:00039902       _UnregisterDeviceNotification@4 0043a902 f   user32:USER32.dll
 0001:00039908       _CreateWindowExW@48        0043a908 f   user32:USER32.dll
 0001:0003990e       _DestroyWindow@4           0043a90e f   user32:USER32.dll
 0001:00039914       _ShowWindow@8              0043a914 f   user32:USER32.dll
 0001:0003991a       _ToUnicode@24              0043a91a f   user32:USER32.dll
 0001:00039920       _MapVirtualKeyW@8          0043a920 f   user32:USER32.dll
 0001:00039926       _SystemParametersInfoW@16  0043a926 f   user32:USER32.dll
 0001:0003992c       _GetDC@4                   0043a92c f   user32:USER32.dll
 0001:00039932       _ReleaseDC@8               0043a932 f   user32:USER32.dll
 0001:00039938       _ChangeDisplaySettingsExW@20 0043a938 f   user32:USER32.dll
 0001:0003993e       _EnumDisplaySettingsW@12   0043a93e f   user32:USER32.dll
 0001:00039944       _EnumDisplaySettingsExW@16 0043a944 f   user32:USER32.dll
 0001:0003994a       _EnumDisplayDevicesW@16    0043a94a f   user32:USER32.dll
 0001:00039950       _GetMonitorInfoW@8         0043a950 f   user32:USER32.dll
 0001:00039956       _EnumDisplayMonitors@16    0043a956 f   user32:USER32.dll
 0001:0003995c       _TrackMouseEvent@4         0043a95c f   user32:USER32.dll
 0001:00039962       _GetMessageTime@0          0043a962 f   user32:USER32.dll
 0001:00039968       _SendMessageW@16           0043a968 f   user32:USER32.dll
 0001:0003996e       _PostMessageW@16           0043a96e f   user32:USER32.dll
 0001:00039974       _WaitMessage@0             0043a974 f   user32:USER32.dll
 0001:0003997a       _DefWindowProcW@16         0043a97a f   user32:USER32.dll
 0001:00039980       _UnregisterClassW@8        0043a980 f   user32:USER32.dll
 0001:00039986       _RegisterClassExW@4        0043a986 f   user32:USER32.dll
 0001:0003998c       _GetLayeredWindowAttributes@16 0043a98c f   user32:USER32.dll
 0001:00039992       _SetLayeredWindowAttributes@16 0043a992 f   user32:USER32.dll
 0001:00039998       _FlashWindow@8             0043a998 f   user32:USER32.dll
 0001:0003999e       _MoveWindow@24             0043a99e f   user32:USER32.dll
 0001:000399a4       _SetWindowPos@28           0043a9a4 f   user32:USER32.dll
 0001:000399aa       _GetWindowPlacement@8      0043a9aa f   user32:USER32.dll
 0001:000399b0       _SetWindowPlacement@8      0043a9b0 f   user32:USER32.dll
 0001:000399b6       _IsWindowVisible@4         0043a9b6 f   user32:USER32.dll
 0001:000399bc       _IsIconic@4                0043a9bc f   user32:USER32.dll
 0001:000399c2       _BringWindowToTop@4        0043a9c2 f   user32:USER32.dll
 0001:000399c8       _IsZoomed@4                0043a9c8 f   user32:USER32.dll
 0001:000399ce       _OpenClipboard@4           0043a9ce f   user32:USER32.dll
 0001:000399d4       _CloseClipboard@0          0043a9d4 f   user32:USER32.dll
 0001:000399da       _SetClipboardData@8        0043a9da f   user32:USER32.dll
 0001:000399e0       _GetClipboardData@4        0043a9e0 f   user32:USER32.dll
 0001:000399e6       _EmptyClipboard@0          0043a9e6 f   user32:USER32.dll
 0001:000399ec       _SetFocus@4                0043a9ec f   user32:USER32.dll
 0001:000399f2       _GetActiveWindow@0         0043a9f2 f   user32:USER32.dll
 0001:000399f8       _GetKeyState@4             0043a9f8 f   user32:USER32.dll
 0001:000399fe       _GetAsyncKeyState@4        0043a9fe f   user32:USER32.dll
 0001:00039a04       _SetCapture@4              0043aa04 f   user32:USER32.dll
 0001:00039a0a       _ReleaseCapture@0          0043aa0a f   user32:USER32.dll
 0001:00039a10       _MsgWaitForMultipleObjects@20 0043aa10 f   user32:USER32.dll
 0001:00039a16       _GetSystemMetrics@4        0043aa16 f   user32:USER32.dll
 0001:00039a1c       _SetForegroundWindow@4     0043aa1c f   user32:USER32.dll
 0001:00039a22       _RedrawWindow@16           0043aa22 f   user32:USER32.dll
 0001:00039a28       _SetPropW@12               0043aa28 f   user32:USER32.dll
 0001:00039a2e       _GetPropW@8                0043aa2e f   user32:USER32.dll
 0001:00039a34       _RemovePropW@8             0043aa34 f   user32:USER32.dll
 0001:00039a3a       _SetWindowTextW@8          0043aa3a f   user32:USER32.dll
 0001:00039a40       _GetClientRect@8           0043aa40 f   user32:USER32.dll
 0001:00039a46       _GetWindowRect@8           0043aa46 f   user32:USER32.dll
 0001:00039a4c       _AdjustWindowRectEx@16     0043aa4c f   user32:USER32.dll
 0001:00039a52       _SetCursorPos@8            0043aa52 f   user32:USER32.dll
 0001:00039a58       _SetCursor@4               0043aa58 f   user32:USER32.dll
 0001:00039a5e       _GetCursorPos@4            0043aa5e f   user32:USER32.dll
 0001:00039a64       _ClientToScreen@8          0043aa64 f   user32:USER32.dll
 0001:00039a6a       _ScreenToClient@8          0043aa6a f   user32:USER32.dll
 0001:00039a70       _WindowFromPoint@8         0043aa70 f   user32:USER32.dll
 0001:00039a76       _ClipCursor@4              0043aa76 f   user32:USER32.dll
 0001:00039a7c       _SetRect@20                0043aa7c f   user32:USER32.dll
 0001:00039a82       _PtInRect@12               0043aa82 f   user32:USER32.dll
 0001:00039a88       _GetWindowLongW@8          0043aa88 f   user32:USER32.dll
 0001:00039a8e       _SetWindowLongW@12         0043aa8e f   user32:USER32.dll
 0001:00039a94       _GetClassLongW@8           0043aa94 f   user32:USER32.dll
 0001:00039a9a       _LoadCursorW@8             0043aa9a f   user32:USER32.dll
 0001:00039aa0       _DestroyIcon@4             0043aaa0 f   user32:USER32.dll
 0001:00039aa6       _LoadImageW@24             0043aaa6 f   user32:USER32.dll
 0001:00039aac       _CreateIconIndirect@4      0043aaac f   user32:USER32.dll
 0001:00039ab2       _MonitorFromWindow@8       0043aab2 f   user32:USER32.dll
 0001:00039ab8       _GetRawInputData@20        0043aab8 f   user32:USER32.dll
 0001:00039abe       _RegisterRawInputDevices@12 0043aabe f   user32:USER32.dll
 0001:00039ac4       _GetRawInputDeviceInfoA@16 0043aac4 f   user32:USER32.dll
 0001:00039aca       _GetRawInputDeviceList@12  0043aaca f   user32:USER32.dll
 0001:00039ad0       _CreateDCW@16              0043aad0 f   gdi32:GDI32.dll
 0001:00039ad6       _DeleteDC@4                0043aad6 f   gdi32:GDI32.dll
 0001:00039adc       _GetDeviceCaps@8           0043aadc f   gdi32:GDI32.dll
 0001:00039ae2       _GetDeviceGammaRamp@8      0043aae2 f   gdi32:GDI32.dll
 0001:00039ae8       _SetDeviceGammaRamp@8      0043aae8 f   gdi32:GDI32.dll
 0001:00039aee       _CreateBitmap@20           0043aaee f   gdi32:GDI32.dll
 0001:00039af4       _CreateRectRgn@16          0043aaf4 f   gdi32:GDI32.dll
 0001:00039afa       _DeleteObject@4            0043aafa f   gdi32:GDI32.dll
 0001:00039b00       _CreateDIBSection@24       0043ab00 f   gdi32:GDI32.dll
 0001:00039b06       _ChoosePixelFormat@8       0043ab06 f   gdi32:GDI32.dll
 0001:00039b0c       _DescribePixelFormat@16    0043ab0c f   gdi32:GDI32.dll
 0001:00039b12       _SetPixelFormat@12         0043ab12 f   gdi32:GDI32.dll
 0001:00039b18       _SwapBuffers@4             0043ab18 f   gdi32:GDI32.dll
 0001:00039b1e       _FreeLibrary@4             0043ab1e f   kernel32:KERNEL32.dll
[...]
 0004:000000d4       __imp__SetUnhandledExceptionFilter@4 004720d4     kernel32:KERNEL32.dll
 0004:000000d8       __imp__GetStartupInfoW@4   004720d8     kernel32:KERNEL32.dll
 0004:000000dc       __imp__GetCurrentProcess@0 004720dc     kernel32:KERNEL32.dll
 0004:000000e0       __imp__TerminateProcess@8  004720e0     kernel32:KERNEL32.dll
 0004:000000e4       __imp__GetCurrentProcessId@0 004720e4     kernel32:KERNEL32.dll
 0004:000000e8       __imp__GetCurrentThreadId@0 004720e8     kernel32:KERNEL32.dll
 0004:000000ec       __imp__GetSystemTimeAsFileTime@4 004720ec     kernel32:KERNEL32.dll
 0004:000000f0       __imp__QueryPerformanceFrequency@4 004720f0     kernel32:KERNEL32.dll
 0004:000000f4       __imp__TlsGetValue@4       004720f4     kernel32:KERNEL32.dll
 0004:000000f8       \177KERNEL32_NULL_THUNK_DATA 004720f8     kernel32:KERNEL32.dll
 0004:00000140       __imp_??6?$basic_ostream@DU?$char_traits@D@std@@@std@@QAEAAV01@P6AAAV01@AAV01@@Z@Z 00472140     msvcprt:MSVCP140.dll
 0004:00000144       __imp_?_Xbad_alloc@std@@YAXXZ 00472144     msvcprt:MSVCP140.dll
 0004:00000148       __imp_?_Xlength_error@std@@YAXPBD@Z 00472148     msvcprt:MSVCP140.dll
 0004:0000014c       __imp_?_Xout_of_range@std@@YAXPBD@Z 0047214c     msvcprt:MSVCP140.dll
 0004:00000150       __imp_?good@ios_base@std@@QBE_NXZ 00472150     msvcprt:MSVCP140.dll
 0004:00000154       __imp_?cout@std@@3V?$basic_ostream@DU?$char_traits@D@std@@@1@A 00472154     msvcprt:MSVCP140.dll
 0004:00000158       __imp_?flush@?$basic_ostream@DU?$char_traits@D@std@@@std@@QAEAAV12@XZ 00472158     msvcprt:MSVCP140.dll
 0004:0000015c       __imp_?put@?$basic_ostream@DU?$char_traits@D@std@@@std@@QAEAAV12@D@Z 0047215c     msvcprt:MSVCP140.dll
 0004:00000160       __imp_??6?$basic_ostream@DU?$char_traits@D@std@@@std@@QAEAAV01@M@Z 00472160     msvcprt:MSVCP140.dll
 0004:00000164       __imp_??6?$basic_ostream@DU?$char_traits@D@std@@@std@@QAEAAV01@H@Z 00472164     msvcprt:MSVCP140.dll
 0004:00000168       __imp_?flags@ios_base@std@@QBEHXZ 00472168     msvcprt:MSVCP140.dll
 0004:0000016c       __imp_?_Osfx@?$basic_ostream@DU?$char_traits@D@std@@@std@@QAEXXZ 0047216c     msvcprt:MSVCP140.dll
 0004:00000170       __imp_?widen@?$basic_ios@DU?$char_traits@D@std@@@std@@QBEDD@Z 00472170     msvcprt:MSVCP140.dll
 0004:00000174       __imp_?fill@?$basic_ios@DU?$char_traits@D@std@@@std@@QBEDXZ 00472174     msvcprt:MSVCP140.dll
 0004:00000178       __imp_?rdbuf@?$basic_ios@DU?$char_traits@D@std@@@std@@QBEPAV?$basic_streambuf@DU?$char_traits@D@std@@@2@XZ 00472178     msvcprt:MSVCP140.dll
 0004:0000017c       __imp_?tie@?$basic_ios@DU?$char_traits@D@std@@@std@@QBEPAV?$basic_ostream@DU?$char_traits@D@std@@@2@XZ 0047217c     msvcprt:MSVCP140.dll
 0004:00000180       __imp_?setstate@?$basic_ios@DU?$char_traits@D@std@@@std@@QAEXH_N@Z 00472180     msvcprt:MSVCP140.dll
 0004:00000184       __imp_?sputn@?$basic_streambuf@DU?$char_traits@D@std@@@std@@QAE_JPBD_J@Z 00472184     msvcprt:MSVCP140.dll
 0004:00000188       __imp_?sputc@?$basic_streambuf@DU?$char_traits@D@std@@@std@@QAEHD@Z 00472188     msvcprt:MSVCP140.dll
 0004:0000018c       __imp_?width@ios_base@std@@QAE_J_J@Z 0047218c     msvcprt:MSVCP140.dll
 0004:00000190       __imp_?width@ios_base@std@@QBE_JXZ 00472190     msvcprt:MSVCP140.dll
 0004:00000194       __imp_?precision@ios_base@std@@QAE_J_J@Z 00472194     msvcprt:MSVCP140.dll
 0004:00000198       __imp_?uncaught_exception@std@@YA_NXZ 00472198     msvcprt:MSVCP140.dll
 0004:0000019c       \177MSVCP140_NULL_THUNK_DATA 0047219c     msvcprt:MSVCP140.dll
 0004:000001d8       __imp__DragAcceptFiles@8   004721d8     shell32:SHELL32.dll
 0004:000001dc       __imp__DragFinish@4        004721dc     shell32:SHELL32.dll
 0004:000001e0       __imp__DragQueryPoint@8    004721e0     shell32:SHELL32.dll
 0004:000001e4       __imp__DragQueryFileW@16   004721e4     shell32:SHELL32.dll
 0004:000001e8       \177SHELL32_NULL_THUNK_DATA 004721e8     shell32:SHELL32.dll
 0004:00000214       __imp__CreateIconIndirect@4 00472214     user32:USER32.dll
 0004:00000218       __imp__MonitorFromWindow@8 00472218     user32:USER32.dll
 0004:0000021c       __imp__GetRawInputData@20  0047221c     user32:USER32.dll
 0004:00000220       __imp__RegisterRawInputDevices@12 00472220     user32:USER32.dll
 0004:00000224       __imp__GetRawInputDeviceInfoA@16 00472224     user32:USER32.dll
 0004:00000228       __imp__GetRawInputDeviceList@12 00472228     user32:USER32.dll
 0004:0000022c       __imp__GetKeyState@4       0047222c     user32:USER32.dll
 0004:00000230       __imp__GetActiveWindow@0   00472230     user32:USER32.dll
 0004:00000234       __imp__SetFocus@4          00472234     user32:USER32.dll
 0004:00000238       __imp__EmptyClipboard@0    00472238     user32:USER32.dll
 0004:0000023c       __imp__GetClipboardData@4  0047223c     user32:USER32.dll
 0004:00000240       __imp__SetClipboardData@8  00472240     user32:USER32.dll
 0004:00000244       __imp__CloseClipboard@0    00472244     user32:USER32.dll
 0004:00000248       __imp__OpenClipboard@4     00472248     user32:USER32.dll
 0004:0000024c       __imp__IsZoomed@4          0047224c     user32:USER32.dll
 0004:00000250       __imp__BringWindowToTop@4  00472250     user32:USER32.dll
 0004:00000254       __imp__IsIconic@4          00472254     user32:USER32.dll
 0004:00000258       __imp__IsWindowVisible@4   00472258     user32:USER32.dll
 0004:0000025c       __imp__SetWindowPlacement@8 0047225c     user32:USER32.dll
 0004:00000260       __imp__GetWindowPlacement@8 00472260     user32:USER32.dll
 0004:00000264       __imp__SetWindowPos@28     00472264     user32:USER32.dll
 0004:00000268       __imp__MoveWindow@24       00472268     user32:USER32.dll
 0004:0000026c       __imp__FlashWindow@8       0047226c     user32:USER32.dll
 0004:00000270       __imp__SetLayeredWindowAttributes@16 00472270     user32:USER32.dll
 0004:00000274       __imp__GetLayeredWindowAttributes@16 00472274     user32:USER32.dll
 0004:00000278       __imp__RegisterClassExW@4  00472278     user32:USER32.dll
 0004:0000027c       __imp__UnregisterClassW@8  0047227c     user32:USER32.dll
 0004:00000280       __imp__DefWindowProcW@16   00472280     user32:USER32.dll
 0004:00000284       __imp__WaitMessage@0       00472284     user32:USER32.dll
 0004:00000288       __imp__PostMessageW@16     00472288     user32:USER32.dll
 0004:0000028c       __imp__SendMessageW@16     0047228c     user32:USER32.dll
 0004:00000290       __imp__GetMessageTime@0    00472290     user32:USER32.dll
 0004:00000294       __imp__TrackMouseEvent@4   00472294     user32:USER32.dll
 0004:00000298       __imp__EnumDisplayMonitors@16 00472298     user32:USER32.dll
 0004:0000029c       __imp__GetMonitorInfoW@8   0047229c     user32:USER32.dll
 0004:000002a0       __imp__EnumDisplayDevicesW@16 004722a0     user32:USER32.dll
 0004:000002a4       __imp__EnumDisplaySettingsExW@16 004722a4     user32:USER32.dll
 0004:000002a8       __imp__EnumDisplaySettingsW@12 004722a8     user32:USER32.dll
 0004:000002ac       __imp__ChangeDisplaySettingsExW@20 004722ac     user32:USER32.dll
 0004:000002b0       __imp__ReleaseDC@8         004722b0     user32:USER32.dll
 0004:000002b4       __imp__GetDC@4             004722b4     user32:USER32.dll
 0004:000002b8       __imp__SystemParametersInfoW@16 004722b8     user32:USER32.dll
 0004:000002bc       __imp__MapVirtualKeyW@8    004722bc     user32:USER32.dll
 0004:000002c0       __imp__ToUnicode@24        004722c0     user32:USER32.dll
 0004:000002c4       __imp__ShowWindow@8        004722c4     user32:USER32.dll
 0004:000002c8       __imp__DestroyWindow@4     004722c8     user32:USER32.dll
 0004:000002cc       __imp__LoadImageW@24       004722cc     user32:USER32.dll
 0004:000002d0       __imp__DestroyIcon@4       004722d0     user32:USER32.dll
 0004:000002d4       __imp__LoadCursorW@8       004722d4     user32:USER32.dll
 0004:000002d8       __imp__GetClassLongW@8     004722d8     user32:USER32.dll
 0004:000002dc       __imp__SetWindowLongW@12   004722dc     user32:USER32.dll
 0004:000002e0       __imp__GetWindowLongW@8    004722e0     user32:USER32.dll
 0004:000002e4       __imp__PtInRect@12         004722e4     user32:USER32.dll
 0004:000002e8       __imp__SetRect@20          004722e8     user32:USER32.dll
 0004:000002ec       __imp__ClipCursor@4        004722ec     user32:USER32.dll
 0004:000002f0       __imp__WindowFromPoint@8   004722f0     user32:USER32.dll
 0004:000002f4       __imp__ScreenToClient@8    004722f4     user32:USER32.dll
 0004:000002f8       __imp__ClientToScreen@8    004722f8     user32:USER32.dll
 0004:000002fc       __imp__GetCursorPos@4      004722fc     user32:USER32.dll
 0004:00000300       __imp__SetCursor@4         00472300     user32:USER32.dll
 0004:00000304       __imp__SetCursorPos@8      00472304     user32:USER32.dll
 0004:00000308       __imp__AdjustWindowRectEx@16 00472308     user32:USER32.dll
 0004:0000030c       __imp__GetWindowRect@8     0047230c     user32:USER32.dll
 0004:00000310       __imp__GetClientRect@8     00472310     user32:USER32.dll
 0004:00000314       __imp__SetWindowTextW@8    00472314     user32:USER32.dll
 0004:00000318       __imp__RemovePropW@8       00472318     user32:USER32.dll
 0004:0000031c       __imp__GetPropW@8          0047231c     user32:USER32.dll
 0004:00000320       __imp__SetPropW@12         00472320     user32:USER32.dll
 0004:00000324       __imp__RedrawWindow@16     00472324     user32:USER32.dll
 0004:00000328       __imp__SetForegroundWindow@4 00472328     user32:USER32.dll
 0004:0000032c       __imp__SetCapture@4        0047232c     user32:USER32.dll
 0004:00000330       __imp__ReleaseCapture@0    00472330     user32:USER32.dll
 0004:00000334       __imp__MsgWaitForMultipleObjects@20 00472334     user32:USER32.dll
 0004:00000338       __imp__GetSystemMetrics@4  00472338     user32:USER32.dll
 0004:0000033c       __imp__TranslateMessage@4  0047233c     user32:USER32.dll
 0004:00000340       __imp__DispatchMessageW@4  00472340     user32:USER32.dll
 0004:00000344       __imp__PeekMessageW@20     00472344     user32:USER32.dll
 0004:00000348       __imp__GetAsyncKeyState@4  00472348     user32:USER32.dll
 0004:0000034c       __imp__RegisterDeviceNotificationW@12 0047234c     user32:USER32.dll
 0004:00000350       __imp__UnregisterDeviceNotification@4 00472350     user32:USER32.dll
 0004:00000354       __imp__CreateWindowExW@48  00472354     user32:USER32.dll
 0004:00000358       \177USER32_NULL_THUNK_DATA 00472358     user32:USER32.dll
 0004:000003c4       __imp____std_exception_destroy 004723c4     vcruntime:VCRUNTIME140.dll
 0004:000003c8       __imp____std_type_info_destroy_list 004723c8     vcruntime:VCRUNTIME140.dll
 0004:000003cc       __imp___except_handler4_common 004723cc     vcruntime:VCRUNTIME140.dll
 0004:000003d0       __imp____std_exception_copy 004723d0     vcruntime:VCRUNTIME140.dll
 0004:000003d4       __imp__strstr              004723d4     vcruntime:VCRUNTIME140.dll
 0004:000003d8       __imp__memset              004723d8     vcruntime:VCRUNTIME140.dll
 0004:000003dc       __imp__memmove             004723dc     vcruntime:VCRUNTIME140.dll
 0004:000003e0       __imp___CxxThrowException@8 004723e0     vcruntime:VCRUNTIME140.dll
 0004:000003e4       __imp____CxxFrameHandler3  004723e4     vcruntime:VCRUNTIME140.dll
 0004:000003e8       __imp__memcpy              004723e8     vcruntime:VCRUNTIME140.dll
 0004:000003ec       \177VCRUNTIME140_NULL_THUNK_DATA 004723ec     vcruntime:VCRUNTIME140.dll
 0004:00000420       __imp__strtoul             00472420     ucrt:api-ms-win-crt-convert-l1-1-0.dll
 0004:00000424       __imp__strtol              00472424     ucrt:api-ms-win-crt-convert-l1-1-0.dll
 0004:00000428       \177api-ms-win-crt-convert-l1-1-0_NULL_THUNK_DATA 00472428     ucrt:api-ms-win-crt-convert-l1-1-0.dll
 0004:00000454       __imp__free                00472454     ucrt:api-ms-win-crt-heap-l1-1-0.dll
 0004:00000458       __imp__malloc              00472458     ucrt:api-ms-win-crt-heap-l1-1-0.dll
 0004:0000045c       __imp__realloc             0047245c     ucrt:api-ms-win-crt-heap-l1-1-0.dll
 0004:00000460       __imp___callnewh           00472460     ucrt:api-ms-win-crt-heap-l1-1-0.dll
 0004:00000464       __imp___set_new_mode       00472464     ucrt:api-ms-win-crt-heap-l1-1-0.dll
 0004:00000468       __imp__calloc              00472468     ucrt:api-ms-win-crt-heap-l1-1-0.dll
 0004:0000046c       \177api-ms-win-crt-heap-l1-1-0_NULL_THUNK_DATA 0047246c     ucrt:api-ms-win-crt-heap-l1-1-0.dll
 0004:0000049c       __imp___configthreadlocale 0047249c     ucrt:api-ms-win-crt-locale-l1-1-0.dll
 0004:000004a0       \177api-ms-win-crt-locale-l1-1-0_NULL_THUNK_DATA 004724a0     ucrt:api-ms-win-crt-locale-l1-1-0.dll
 0004:000004cc       __imp___libm_sse2_cos_precise 004724cc     ucrt:api-ms-win-crt-math-l1-1-0.dll
 0004:000004d0       __imp__ldexp               004724d0     ucrt:api-ms-win-crt-math-l1-1-0.dll
 0004:000004d4       __imp___libm_sse2_pow_precise 004724d4     ucrt:api-ms-win-crt-math-l1-1-0.dll
 0004:000004d8       __imp___libm_sse2_sin_precise 004724d8     ucrt:api-ms-win-crt-math-l1-1-0.dll
 0004:000004dc       __imp____setusermatherr    004724dc     ucrt:api-ms-win-crt-math-l1-1-0.dll
 0004:000004e0       __imp___except1            004724e0     ucrt:api-ms-win-crt-math-l1-1-0.dll
 0004:000004e4       \177api-ms-win-crt-math-l1-1-0_NULL_THUNK_DATA 004724e4     ucrt:api-ms-win-crt-math-l1-1-0.dll
 0004:00000514       __imp___initialize_narrow_environment 00472514     ucrt:api-ms-win-crt-runtime-l1-1-0.dll
 0004:00000518       __imp___initialize_onexit_table 00472518     ucrt:api-ms-win-crt-runtime-l1-1-0.dll
 0004:0000051c       __imp___register_onexit_function 0047251c     ucrt:api-ms-win-crt-runtime-l1-1-0.dll
 0004:00000520       __imp___execute_onexit_table 00472520     ucrt:api-ms-win-crt-runtime-l1-1-0.dll
 0004:00000524       __imp___crt_atexit         00472524     ucrt:api-ms-win-crt-runtime-l1-1-0.dll
 0004:00000528       __imp___crt_at_quick_exit  00472528     ucrt:api-ms-win-crt-runtime-l1-1-0.dll
 0004:0000052c       __imp___cexit              0047252c     ucrt:api-ms-win-crt-runtime-l1-1-0.dll
 0004:00000530       __imp___configure_narrow_argv 00472530     ucrt:api-ms-win-crt-runtime-l1-1-0.dll
 0004:00000534       __imp___set_app_type       00472534     ucrt:api-ms-win-crt-runtime-l1-1-0.dll
 0004:00000538       __imp___seh_filter_dll     00472538     ucrt:api-ms-win-crt-runtime-l1-1-0.dll
 0004:0000053c       __imp___get_initial_narrow_environment 0047253c     ucrt:api-ms-win-crt-runtime-l1-1-0.dll
 0004:00000540       __imp___initterm           00472540     ucrt:api-ms-win-crt-runtime-l1-1-0.dll
 0004:00000544       __imp___initterm_e         00472544     ucrt:api-ms-win-crt-runtime-l1-1-0.dll
 0004:00000548       __imp__exit                00472548     ucrt:api-ms-win-crt-runtime-l1-1-0.dll
 0004:0000054c       __imp___exit               0047254c     ucrt:api-ms-win-crt-runtime-l1-1-0.dll
 0004:00000550       __imp___controlfp_s        00472550     ucrt:api-ms-win-crt-runtime-l1-1-0.dll
 0004:00000554       __imp____p___argc          00472554     ucrt:api-ms-win-crt-runtime-l1-1-0.dll
 0004:00000558       __imp____p___argv          00472558     ucrt:api-ms-win-crt-runtime-l1-1-0.dll
 0004:0000055c       __imp___c_exit             0047255c     ucrt:api-ms-win-crt-runtime-l1-1-0.dll
 0004:00000560       __imp___register_thread_local_exe_atexit_callback 00472560     ucrt:api-ms-win-crt-runtime-l1-1-0.dll
 0004:00000564       __imp___wassert            00472564     ucrt:api-ms-win-crt-runtime-l1-1-0.dll
 0004:00000568       __imp__terminate           00472568     ucrt:api-ms-win-crt-runtime-l1-1-0.dll
 0004:0000056c       __imp___seh_filter_exe     0047256c     ucrt:api-ms-win-crt-runtime-l1-1-0.dll
 0004:00000570       __imp___invalid_parameter_noinfo_noreturn 00472570     ucrt:api-ms-win-crt-runtime-l1-1-0.dll
 0004:00000574       \177api-ms-win-crt-runtime-l1-1-0_NULL_THUNK_DATA 00472574     ucrt:api-ms-win-crt-runtime-l1-1-0.dll
 0004:000005b0       __imp___set_fmode          004725b0     ucrt:api-ms-win-crt-stdio-l1-1-0.dll
 0004:000005b4       __imp__fopen_s             004725b4     ucrt:api-ms-win-crt-stdio-l1-1-0.dll
 0004:000005b8       __imp__fclose              004725b8     ucrt:api-ms-win-crt-stdio-l1-1-0.dll
 0004:000005bc       __imp__feof                004725bc     ucrt:api-ms-win-crt-stdio-l1-1-0.dll
 0004:000005c0       __imp__fread               004725c0     ucrt:api-ms-win-crt-stdio-l1-1-0.dll
 0004:000005c4       __imp__fseek               004725c4     ucrt:api-ms-win-crt-stdio-l1-1-0.dll
 0004:000005c8       __imp__ftell               004725c8     ucrt:api-ms-win-crt-stdio-l1-1-0.dll
 0004:000005cc       __imp____stdio_common_vsprintf 004725cc     ucrt:api-ms-win-crt-stdio-l1-1-0.dll
 0004:000005d0       __imp____stdio_common_vsscanf 004725d0     ucrt:api-ms-win-crt-stdio-l1-1-0.dll
 0004:000005d4       __imp____stdio_common_vsprintf_s 004725d4     ucrt:api-ms-win-crt-stdio-l1-1-0.dll
 0004:000005d8       __imp____p__commode        004725d8     ucrt:api-ms-win-crt-stdio-l1-1-0.dll
 0004:000005dc       \177api-ms-win-crt-stdio-l1-1-0_NULL_THUNK_DATA 004725dc     ucrt:api-ms-win-crt-stdio-l1-1-0.dll
 0004:00000610       __imp__strlen              00472610     ucrt:api-ms-win-crt-string-l1-1-0.dll
 0004:00000614       __imp__strspn              00472614     ucrt:api-ms-win-crt-string-l1-1-0.dll
 0004:00000618       __imp__strncpy             00472618     ucrt:api-ms-win-crt-string-l1-1-0.dll
 0004:0000061c       __imp__strcspn             0047261c     ucrt:api-ms-win-crt-string-l1-1-0.dll
 0004:00000620       __imp__strncmp             00472620     ucrt:api-ms-win-crt-string-l1-1-0.dll
 0004:00000624       \177api-ms-win-crt-string-l1-1-0_NULL_THUNK_DATA 00472624     ucrt:api-ms-win-crt-string-l1-1-0.dll
 0004:00000654       __imp__qsort               00472654     ucrt:api-ms-win-crt-utility-l1-1-0.dll
 0004:00000658       \177api-ms-win-crt-utility-l1-1-0_NULL_THUNK_DATA 00472658     ucrt:api-ms-win-crt-utility-l1-1-0.dll
 0004:00000684       __IMPORT_DESCRIPTOR_SHELL32 00472684     shell32:SHELL32.dll
 0004:00000698       __IMPORT_DESCRIPTOR_USER32 00472698     user32:USER32.dll
 0004:000006ac       __IMPORT_DESCRIPTOR_GDI32  004726ac     gdi32:GDI32.dll
 0004:000006c0       __IMPORT_DESCRIPTOR_KERNEL32 004726c0     kernel32:KERNEL32.dll
 0004:000006d4       __IMPORT_DESCRIPTOR_MSVCP140 004726d4     msvcprt:MSVCP140.dll
 0004:000006e8       __IMPORT_DESCRIPTOR_VCRUNTIME140 004726e8     vcruntime:VCRUNTIME140.dll
 0004:000006fc       __IMPORT_DESCRIPTOR_api-ms-win-crt-runtime-l1-1-0 004726fc     ucrt:api-ms-win-crt-runtime-l1-1-0.dll
 0004:00000710       __IMPORT_DESCRIPTOR_api-ms-win-crt-math-l1-1-0 00472710     ucrt:api-ms-win-crt-math-l1-1-0.dll
 0004:00000724       __IMPORT_DESCRIPTOR_api-ms-win-crt-heap-l1-1-0 00472724     ucrt:api-ms-win-crt-heap-l1-1-0.dll
 0004:00000738       __IMPORT_DESCRIPTOR_api-ms-win-crt-convert-l1-1-0 00472738     ucrt:api-ms-win-crt-convert-l1-1-0.dll
 0004:0000074c       __IMPORT_DESCRIPTOR_api-ms-win-crt-stdio-l1-1-0 0047274c     ucrt:api-ms-win-crt-stdio-l1-1-0.dll
 0004:00000760       __IMPORT_DESCRIPTOR_api-ms-win-crt-string-l1-1-0 00472760     ucrt:api-ms-win-crt-string-l1-1-0.dll
 0004:00000774       __IMPORT_DESCRIPTOR_api-ms-win-crt-utility-l1-1-0 00472774     ucrt:api-ms-win-crt-utility-l1-1-0.dll
 0004:00000788       __IMPORT_DESCRIPTOR_api-ms-win-crt-locale-l1-1-0 00472788     ucrt:api-ms-win-crt-locale-l1-1-0.dll
 0004:0000079c       __NULL_IMPORT_DESCRIPTOR   0047279c     shell32:SHELL32.dll
 0006:00000000       ___guard_check_icall_fptr  00476000     MSVCRT:guard_support.obj
